--------- beginning of main
07-01 22:20:17.655 13401 13686 W stagram.androi: JNI RegisterNativeMethods: attempt to register 0 native methods for com.facebook.traffic.nts.providers.background.BackgroundV2TaskSchedulerCommonImpl
07-01 22:20:17.685  2064  2064 D CompatibilityInfo: mCompatibilityFlags - 0
07-01 22:20:17.685  2064  2064 D CompatibilityInfo: applicationDensity - 440
07-01 22:20:17.685  2064  2064 D CompatibilityInfo: applicationScale - 1.0
--------- beginning of system
07-01 22:20:17.711  2064  2731 D CompatibilityChangeReporter: Compat change id reported: 135634846; UID 10007; state: DISABLED
07-01 22:20:17.711  2064  2731 D CompatibilityChangeReporter: Compat change id reported: 177438394; UID 10007; state: DISABLED
07-01 22:20:17.711  2064  2731 D CompatibilityChangeReporter: Compat change id reported: 135772972; UID 10007; state: DISABLED
07-01 22:20:17.711  2064  2731 D CompatibilityChangeReporter: Compat change id reported: 135754954; UID 10007; state: ENABLED
07-01 22:20:17.711  2064  2364 D CompatibilityChangeReporter: Compat change id reported: 143937733; UID 10007; state: ENABLED
07-01 22:20:17.721  3177  9063 I SarService: Receiver polling >>>> Change receiver mode: off
07-01 22:20:17.737  1080  1080 D Zygote  : Forked child process 14399
07-01 22:20:17.738  2064  2364 D Boost   : hostingType=service, hostingName={com.whatsapp/com.whatsapp.contact.ui.sync.ContactsSyncAdapterService}, callerPackage=android, isSystem=true, isBoostNeeded=false.
07-01 22:20:17.740  2064  2364 I ActivityManager: Start proc 14399:com.whatsapp/u0a7 for service {com.whatsapp/com.whatsapp.contact.ui.sync.ContactsSyncAdapterService} caller=android
07-01 22:20:17.753 14398 14398 D ProcessState: Binder ioctl to enable oneway spam detection failed: Invalid argument
07-01 22:20:17.754  6046  6046 W ThreadPoolForeg: type=1400 audit(0.0:230491): avc: denied { write } for name="traced_producer" dev="tmpfs" ino=923 scontext=u:r:gmscore_app:s0:c512,c768 tcontext=u:object_r:traced_producer_socket:s0 tclass=sock_file permissive=0 app=com.google.android.gms
07-01 22:20:17.764 14399 14399 I com.whatsapp: Using CollectorTypeCC GC.
07-01 22:20:17.768  2064  8170 I ActivityManager: Force stopping com.voicetextnote.app appid=10432 user=0: from process:14398
07-01 22:20:17.770 14399 14399 D ProcessState: Binder ioctl to enable oneway spam detection failed: Invalid argument
07-01 22:20:17.772  2064  8170 D AutoStartManagerService: prepare force stop p:12186 s: 19
07-01 22:20:17.772  2064  8170 I Process : Sending signal. PID: 12186 SIG: 19
07-01 22:20:17.773 14399 14399 I MessageMonitor: Load libmiui_runtime
07-01 22:20:17.775  2064  2581 I MiuiNetworkPolicy: removeUidState uid = 10432
07-01 22:20:17.777  2064  8170 I ActivityManager: Killing 12186:com.voicetextnote.app/u0a432 (adj 501): stop com.voicetextnote.app due to from process:14398
07-01 22:20:17.779  2064  8170 D ProcessRecordInjector: Finishing reporting clean up app record.
07-01 22:20:17.780 13523 16848 D ProcessObserverV10: onProcessDied:pid = 12186,died-uid=10432
07-01 22:20:17.783  2064  8170 W ActivityTaskManager: Force removing ActivityRecord{63ef76e u0 com.voicetextnote.app/.MainActivity t145 f}}: app died, no saved state
07-01 22:20:17.790  2064  2357 W UsageStatsService: Unexpected activity event reported! (com.voicetextnote.app/com.voicetextnote.app.MainActivity event : 23 instanceId : 250055091)
07-01 22:20:17.794  2064  8170 W InputManager-JNI: Input channel object '215a620 com.voicetextnote.app/com.voicetextnote.app.MainActivity (client)' was disposed without first being removed with the input manager!
07-01 22:20:17.809  2064  2350 D CompatibilityChangeReporter: Compat change id reported: 158002302; UID 10195; state: ENABLED
07-01 22:20:17.811  2064  2581 I MiuiNetworkPolicy: updateUidState uid = 10007, uidState = 19
07-01 22:20:17.814  2064  2350 W ActivityTaskManager: Can't find TaskDisplayArea to determine support for multi window. Task id=145 attached=false
07-01 22:20:17.814  2064  2350 W ActivityTaskManager: Can't find TaskDisplayArea to determine support for multi window. Task id=145 attached=false
07-01 22:20:17.823  2064  2365 I libprocessgroup: Successfully killed process cgroup uid 10432 pid 12186 in 44ms
07-01 22:20:17.827  2064  3400 D CompatibilityInfo: mCompatibilityFlags - 0
07-01 22:20:17.827  2064  3400 D CompatibilityInfo: applicationDensity - 440
07-01 22:20:17.827  2064  3400 D CompatibilityInfo: applicationScale - 1.0
07-01 22:20:17.828  2064  2354 D HeapUsage Monitor: HeapAllocSize : 71MB; monitorSize : 500MB
07-01 22:20:17.829  3177  3177 D CarrierSvcBindHelper: No carrier app for: 0
07-01 22:20:17.830  3177  3177 E PhoneInterfaceManager: [PhoneIntfMgr] getCarrierPackageNamesForIntentAndPhone: No UICC
07-01 22:20:17.830  3177  3177 D CarrierSvcBindHelper: No carrier app for: 1
07-01 22:20:17.831  2064  2581 I MiuiNetworkPolicy: updateUidState uid = 10007, uidState = 8
07-01 22:20:17.832  2064  3400 D CompatibilityInfo: mCompatibilityFlags - 0
07-01 22:20:17.832  2064  3400 D CompatibilityInfo: applicationDensity - 440
07-01 22:20:17.832  2064  3400 D CompatibilityInfo: applicationScale - 1.0
07-01 22:20:17.839 14399 14399 D CompatibilityChangeReporter: Compat change id reported: 171979766; UID 10007; state: ENABLED
07-01 22:20:17.840  6923 20102 W MQSService: CallerName:com.whatsapp,calling Uid:10007
07-01 22:20:17.841  6923 20102 D MQSService: registerApplicationScoutThread pid = 14399, packageName = com.whatsapp
07-01 22:20:17.847 14399 14399 D nativeloader: Configuring clns-4 for other apk /system/framework/org.apache.http.legacy.jar. target_sdk_version=36, uses_libraries=ALL, library_path=/data/app/~~U_7PQdmRwMNdS0n_noXDQg==/com.whatsapp-jtPQDAurWQaFvq0eO68oVw==/lib/arm64:/data/app/~~U_7PQdmRwMNdS0n_noXDQg==/com.whatsapp-jtPQDAurWQaFvq0eO68oVw==/base.apk!/lib/arm64-v8a:/data/app/~~U_7PQdmRwMNdS0n_noXDQg==/com.whatsapp-jtPQDAurWQaFvq0eO68oVw==/split_config.arm64_v8a.apk!/lib/arm64-v8a:/data/app/~~U_7PQdmRwMNdS0n_noXDQg==/com.whatsapp-jtPQDAurWQaFvq0eO68oVw==/split_config.xxhdpi.apk!/lib/arm64-v8a:/data/app/~~U_7PQdmRwMNdS0n_noXDQg==/com.whatsapp-jtPQDAurWQaFvq0eO68oVw==/split_i18n_ko.apk!/lib/arm64-v8a, permitted_path=/data:/mnt/expand:/data/user/0/com.whatsapp
07-01 22:20:17.847 14399 14399 D nativeloader: Extending system_exposed_libraries: libvraudio_client.qti.so:libbinauralrenderer_wrapper.qti.so:libhoaeffects.qti.so:libQOC.qti.so:libcamera_algoup_jni.xiaomi.so:libcamera_mianode_jni.xiaomi.so:libupdateprof.qti.so:libthermalclient.qti.so:libQOC.qti.so:libdiag_system.qti.so:libqape.qti.so:libqesdk_ndk_platform.qti.so:liblistenjni.qti.so
07-01 22:20:17.865  6940  6940 D RegisteredServicesCache:  Reading service state data always from file
07-01 22:20:17.870  6940  6940 D RegisteredServicesCache: ServiceStateFileVersion=1.0
07-01 22:20:17.870  6940  6940 E RegisteredServicesCache: Next Tag=services
07-01 22:20:17.870  6940  6940 D RegisteredServicesCache:  curr component com.google.android.gms/com.google.android.gms.nearby.mediums.nearfieldcommunication.NfcAdvertisingService
07-01 22:20:17.870  6940  6940 D RegisteredServicesCache:  curr uid 10188
07-01 22:20:17.870  6940  6940 D RegisteredServicesCache:  curr state 2
07-01 22:20:17.870  6940  6940 E RegisteredServicesCache: installedServices no uidString
07-01 22:20:17.870  6940  6940 D RegisteredServicesCache:  curr component com.google.android.gms/com.google.android.gms.fido.fido2.ui.hybrid.NfcEmulationService
07-01 22:20:17.870  6940  6940 D RegisteredServicesCache:  curr uid 10188
07-01 22:20:17.870  6940  6940 D RegisteredServicesCache:  curr state 2
07-01 22:20:17.870  6940  6940 E RegisteredServicesCache: installedServices contains uidString : 10188
07-01 22:20:17.871  6940  6940 D RegisteredServicesCache:  curr component com.google.android.gms/com.google.android.gms.pay.hce.service.PayHceService
07-01 22:20:17.871  6940  6940 D RegisteredServicesCache:  curr uid 10188
07-01 22:20:17.871  6940  6940 D RegisteredServicesCache:  curr state 2
07-01 22:20:17.871  6940  6940 E RegisteredServicesCache: installedServices contains uidString : 10188
07-01 22:20:17.871  6940  6940 D RegisteredServicesCache:  curr component com.google.android.gms/com.google.android.gms.dck.service.DckNfcApduService
07-01 22:20:17.871  6940  6940 D RegisteredServicesCache:  curr uid 10188
07-01 22:20:17.871  6940  6940 D RegisteredServicesCache:  curr state 2
07-01 22:20:17.871  6940  6940 E RegisteredServicesCache: installedServices contains uidString : 10188
07-01 22:20:17.872  6940  6940 E RegisteredServicesCache: 1invalidateCache:WriteServiceStateToFile
07-01 22:20:17.872  6940  6940 E RegisteredServicesCache:  Writing service state Data Always
07-01 22:20:17.873  6940  6940 E RegisteredServicesCache: component namecom.google.android.gms/com.google.android.gms.nearby.mediums.nearfieldcommunication.NfcAdvertisingService
07-01 22:20:17.873  6940  6940 E RegisteredServicesCache: component namecom.google.android.gms/com.google.android.gms.fido.fido2.ui.hybrid.NfcEmulationService
07-01 22:20:17.873  6940  6940 E RegisteredServicesCache: component namecom.google.android.gms/com.google.android.gms.pay.hce.service.PayHceService
07-01 22:20:17.873  6940  6940 E RegisteredServicesCache: component namecom.google.android.gms/com.google.android.gms.dck.service.DckNfcApduService
07-01 22:20:17.876  6940  6940 D RegisteredNfcFServicesCache: Service unchanged, not updating
07-01 22:20:17.922  3177  9063 I SarService: Receiver polling >>>> Change receiver mode: off
07-01 22:20:17.994 13945 13996 D nativeloader: Load /data/app/~~_nYeHfqKDEfWf1MbXMuWag==/com.google.android.googlequicksearchbox-TatK3Kz9eBTrWeYFPPGpiQ==/base.apk!/lib/arm64-v8a/libmappedcountercacheversionjni.so using class loader ns clns-6 (caller=/data/app/~~_nYeHfqKDEfWf1MbXMuWag==/com.google.android.googlequicksearchbox-TatK3Kz9eBTrWeYFPPGpiQ==/base.apk!classes2.dex): ok
07-01 22:20:18.017  2064  6983 V ActivityManager: Got obituary of 12186:com.voicetextnote.app
07-01 22:20:18.018  2064  2349 W ActivityManager: setHasOverlayUi called on unknown pid: 12186
07-01 22:20:18.018  2064  2188 W WindowManager: Cannot find window which accessibility connection is added to
07-01 22:20:18.019  1281  1281 E BpTransactionCompletedListener: Failed to transact (-32)
07-01 22:20:18.020  1080  1080 I Zygote  : Process 12186 exited due to signal 9 (Killed)
07-01 22:20:18.031  2064  2363 D CompatibilityInfo: mCompatibilityFlags - 0
07-01 22:20:18.031  2064  2363 D CompatibilityInfo: applicationDensity - 440
07-01 22:20:18.031  2064  2363 D CompatibilityInfo: applicationScale - 1.0
07-01 22:20:18.071  1674  3067 D BufferPoolAccessor2.0: bufferpool2 0xb400007f1341d828 : 4(32768 size) total buffers - 4(32768 size) used buffers - 15/21 (recycle/alloc) - 6/21 (fetch/transfer)
07-01 22:20:18.071  1674  3067 D BufferPoolAccessor2.0: evictor expired: 1, evicted: 1
07-01 22:20:18.123 14399 14399 W com.whatsapp: Failed to find entry 'classes.dex': Entry not found
07-01 22:20:18.123  3177  9063 I SarService: Receiver polling >>>> Change receiver mode: off
07-01 22:20:18.124 14399 14399 W com.whatsapp: Failed to find entry 'classes.dex': Entry not found
07-01 22:20:18.124 14399 14399 W com.whatsapp: Failed to find entry 'classes.dex': Entry not found
07-01 22:20:18.125 14399 14399 D nativeloader: Configuring clns-5 for other apk /data/app/~~U_7PQdmRwMNdS0n_noXDQg==/com.whatsapp-jtPQDAurWQaFvq0eO68oVw==/base.apk:/data/app/~~U_7PQdmRwMNdS0n_noXDQg==/com.whatsapp-jtPQDAurWQaFvq0eO68oVw==/split_config.arm64_v8a.apk:/data/app/~~U_7PQdmRwMNdS0n_noXDQg==/com.whatsapp-jtPQDAurWQaFvq0eO68oVw==/split_config.xxhdpi.apk:/data/app/~~U_7PQdmRwMNdS0n_noXDQg==/com.whatsapp-jtPQDAurWQaFvq0eO68oVw==/split_i18n_ko.apk. target_sdk_version=36, uses_libraries=, library_path=/data/app/~~U_7PQdmRwMNdS0n_noXDQg==/com.whatsapp-jtPQDAurWQaFvq0eO68oVw==/lib/arm64:/data/app/~~U_7PQdmRwMNdS0n_noXDQg==/com.whatsapp-jtPQDAurWQaFvq0eO68oVw==/base.apk!/lib/arm64-v8a:/data/app/~~U_7PQdmRwMNdS0n_noXDQg==/com.whatsapp-jtPQDAurWQaFvq0eO68oVw==/split_config.arm64_v8a.apk!/lib/arm64-v8a:/data/app/~~U_7PQdmRwMNdS0n_noXDQg==/com.whatsapp-jtPQDAurWQaFvq0eO68oVw==/split_config.xxhdpi.apk!/lib/arm64-v8a:/data/app/~~U_7PQdmRwMNdS0n_noXDQg==/com.whatsapp-jtPQDAurWQaFvq0eO68oVw==/split_i18n_ko.apk!/lib/arm64-v8a, permitted_path=/data:/mnt/expand:/
07-01 22:20:18.134 14399 14399 I Perf    : Connecting to perf service.
07-01 22:20:18.142 14399 14399 V GraphicsEnvironment: ANGLE Developer option for 'com.whatsapp' set to: 'default'
07-01 22:20:18.142 14399 14399 V GraphicsEnvironment: Neither updatable production driver nor prerelease driver is supported.
07-01 22:20:18.147  2064  3400 I UiModeManager: systemserver package:com.whatsapp null
07-01 22:20:18.147 14399 14399 I ForceDarkHelperStubImpl: initialize for com.whatsapp , ForceDarkAppConfig: null
07-01 22:20:18.151 14399 14399 D nativeloader: Load libforcedarkimpl.so using system ns (caller=/system/framework/miui-framework.jar): ok
07-01 22:20:18.151 14399 14399 D OpenGLRenderer: JNI_OnLoad success
07-01 22:20:18.151 14399 14399 I MiuiForceDarkConfig: setConfig density:2.750000, mainRule:0, secondaryRule:0, tertiaryRule:0
07-01 22:20:18.153 14399 14399 D NetworkSecurityConfig: Using Network Security Config from resource (name removed) debugBuild: false
07-01 22:20:18.155 14399 14399 D NetworkSecurityConfig: Using Network Security Config from resource (name removed) debugBuild: false
07-01 22:20:18.166 14399 14399 I FirebaseApp: Device unlocked: initializing all Firebase APIs for app [DEFAULT]
07-01 22:20:18.168 14399 14399 I FirebaseInitProvider: FirebaseApp initialization successful
07-01 22:20:18.182 14399 14399 I ProcessNameUtil: getMyProcessName
07-01 22:20:18.182 14399 14399 I ProcessNameUtil: isSecondaryProcess/process name: com.whatsapp/processing time: 0 ms
07-01 22:20:18.210 14399 14399 W SoLoader: Initializing SoLoader: 0
07-01 22:20:18.210 14399 14399 I SoLoader: Recording new base apk path: /data/app/~~U_7PQdmRwMNdS0n_noXDQg==/com.whatsapp-jtPQDAurWQaFvq0eO68oVw==/base.apk
07-01 22:20:18.210 14399 14399 I SoLoader: Previously recorded 0 base apk paths.
07-01 22:20:18.211 14399 14399 I SoLoader: Preparing SO source: DirectorySoSource[root = /vendor/lib64 flags = 2]
07-01 22:20:18.211 14399 14399 I SoLoader: Preparing SO source: DirectorySoSource[root = /system_ext/lib64 flags = 2]
07-01 22:20:18.211 14399 14399 I SoLoader: Preparing SO source: DirectorySoSource[root = /system/lib64 flags = 2]
07-01 22:20:18.211 14399 14399 I SoLoader: Preparing SO source: DirectApkSoSource[root = [/data/app/~~U_7PQdmRwMNdS0n_noXDQg==/com.whatsapp-jtPQDAurWQaFvq0eO68oVw==/base.apk!/lib/arm64-v8a, /data/app/~~U_7PQdmRwMNdS0n_noXDQg==/com.whatsapp-jtPQDAurWQaFvq0eO68oVw==/split_config.arm64_v8a.apk!/lib/arm64-v8a, /data/app/~~U_7PQdmRwMNdS0n_noXDQg==/com.whatsapp-jtPQDAurWQaFvq0eO68oVw==/split_config.xxhdpi.apk!/lib/arm64-v8a, /data/app/~~U_7PQdmRwMNdS0n_noXDQg==/com.whatsapp-jtPQDAurWQaFvq0eO68oVw==/split_i18n_ko.apk!/lib/arm64-v8a]]
07-01 22:20:18.221 14399 14399 I SoLoader: Preparing SO source: ApplicationSoSource[DirectorySoSource[root = /data/app/~~U_7PQdmRwMNdS0n_noXDQg==/com.whatsapp-jtPQDAurWQaFvq0eO68oVw==/lib/arm64 flags = 0]]
07-01 22:20:18.221 14399 14399 W SoLoader: SoLoader initialized: 8
07-01 22:20:18.230 14399 14399 D nativeloader: Load /data/app/~~U_7PQdmRwMNdS0n_noXDQg==/com.whatsapp-jtPQDAurWQaFvq0eO68oVw==/split_config.arm64_v8a.apk!/lib/arm64-v8a/libsuperpack.so using class loader ns clns-5 (caller=/data/app/~~U_7PQdmRwMNdS0n_noXDQg==/com.whatsapp-jtPQDAurWQaFvq0eO68oVw==/base.apk): ok
07-01 22:20:18.235 14399 14399 W SoLoader: Loading wa_log on the main thread
07-01 22:20:18.224 14399 14399 W com.whatsapp: type=1400 audit(0.0:230492): avc: granted { execute } for path="/data/data/com.whatsapp/files/decompressed/libs.spo/libwa_log.so" dev="sda18" ino=231595 scontext=u:r:untrusted_app:s0:c7,c256,c512,c768 tcontext=u:object_r:app_data_file:s0:c7,c256,c512,c768 tclass=file app=com.whatsapp
07-01 22:20:18.238 14399 14399 D nativeloader: Load /data/data/com.whatsapp/files/decompressed/libs.spo/libwa_log.so using class loader ns clns-5 (caller=/data/app/~~U_7PQdmRwMNdS0n_noXDQg==/com.whatsapp-jtPQDAurWQaFvq0eO68oVw==/base.apk): ok
07-01 22:20:18.238 14399 14399 W SoLoader: Loading essential on the main thread
07-01 22:20:18.234 14399 14399 W com.whatsapp: type=1400 audit(0.0:230493): avc: granted { execute } for path="/data/data/com.whatsapp/files/decompressed/libs.spo/libc++_shared.so" dev="sda18" ino=231723 scontext=u:r:untrusted_app:s0:c7,c256,c512,c768 tcontext=u:object_r:app_data_file:s0:c7,c256,c512,c768 tclass=file app=com.whatsapp
07-01 22:20:18.244 14399 14399 D nativeloader: Load /data/data/com.whatsapp/files/decompressed/libs.spo/libc++_shared.so using class loader ns clns-5 (caller=/data/app/~~U_7PQdmRwMNdS0n_noXDQg==/com.whatsapp-jtPQDAurWQaFvq0eO68oVw==/base.apk): ok
07-01 22:20:18.234 14399 14399 W com.whatsapp: type=1400 audit(0.0:230494): avc: granted { execute } for path="/data/data/com.whatsapp/files/decompressed/libs.spo/libfbjni.so" dev="sda18" ino=231687 scontext=u:r:untrusted_app:s0:c7,c256,c512,c768 tcontext=u:object_r:app_data_file:s0:c7,c256,c512,c768 tclass=file app=com.whatsapp
07-01 22:20:18.246 14399 14399 D nativeloader: Load /data/data/com.whatsapp/files/decompressed/libs.spo/libfbjni.so using class loader ns clns-5 (caller=/data/app/~~U_7PQdmRwMNdS0n_noXDQg==/com.whatsapp-jtPQDAurWQaFvq0eO68oVw==/base.apk): ok
07-01 22:20:18.247 14399 14399 D nativeloader: Load /data/data/com.whatsapp/files/decompressed/libs.spo/libfbsofterror.so using class loader ns clns-5 (caller=/data/app/~~U_7PQdmRwMNdS0n_noXDQg==/com.whatsapp-jtPQDAurWQaFvq0eO68oVw==/base.apk): ok
07-01 22:20:18.234 14399 14399 W com.whatsapp: type=1400 audit(0.0:230495): avc: granted { execute } for path="/data/data/com.whatsapp/files/decompressed/libs.spo/libfbsofterror.so" dev="sda18" ino=231684 scontext=u:r:untrusted_app:s0:c7,c256,c512,c768 tcontext=u:object_r:app_data_file:s0:c7,c256,c512,c768 tclass=file app=com.whatsapp
07-01 22:20:18.234 14399 14399 W com.whatsapp: type=1400 audit(0.0:230496): avc: granted { execute } for path="/data/data/com.whatsapp/files/decompressed/libs.spo/libglog.so" dev="sda18" ino=231715 scontext=u:r:untrusted_app:s0:c7,c256,c512,c768 tcontext=u:object_r:app_data_file:s0:c7,c256,c512,c768 tclass=file app=com.whatsapp
07-01 22:20:18.249 14399 14399 D nativeloader: Load /data/data/com.whatsapp/files/decompressed/libs.spo/libglog.so using class loader ns clns-5 (caller=/data/app/~~U_7PQdmRwMNdS0n_noXDQg==/com.whatsapp-jtPQDAurWQaFvq0eO68oVw==/base.apk): ok
07-01 22:20:18.234 14399 14399 W com.whatsapp: type=1400 audit(0.0:230497): avc: granted { execute } for path="/data/data/com.whatsapp/files/decompressed/libs.spo/libfb.so" dev="sda18" ino=231683 scontext=u:r:untrusted_app:s0:c7,c256,c512,c768 tcontext=u:object_r:app_data_file:s0:c7,c256,c512,c768 tclass=file app=com.whatsapp
07-01 22:20:18.251 14399 14399 D nativeloader: Load /data/data/com.whatsapp/files/decompressed/libs.spo/libfb.so using class loader ns clns-5 (caller=/data/app/~~U_7PQdmRwMNdS0n_noXDQg==/com.whatsapp-jtPQDAurWQaFvq0eO68oVw==/base.apk): ok
07-01 22:20:18.251 14399 14399 W SoLoader: Loading fb on the main thread
07-01 22:20:18.251 14399 14399 I com.whatsapp: Thread[1,tid=14399,Native,Thread*=0xb400007bf3b42c00,peer=0x732d88f8,"main"] recursive attempt to load library "/data/data/com.whatsapp/files/decompressed/libs.spo/libfb.so"
07-01 22:20:18.254 14399 14399 D nativeloader: Load /data/data/com.whatsapp/files/decompressed/libs.spo/libessential.so using class loader ns clns-5 (caller=/data/app/~~U_7PQdmRwMNdS0n_noXDQg==/com.whatsapp-jtPQDAurWQaFvq0eO68oVw==/base.apk): ok
07-01 22:20:18.254 14413 14413 D AndroidRuntime: >>>>>> START com.android.internal.os.RuntimeInit uid 2000 <<<<<<
07-01 22:20:18.254 14399 14399 I essential-jni: JNI_OnLoad start
07-01 22:20:18.254 14399 14399 I essential-jni: fbjni lambda running
07-01 22:20:18.254 14399 14399 I essential-jni: JNI_OnLoad lambda complete
07-01 22:20:18.255 13945 13956 V ClearcutMetricXmitter: Transmission is done.
07-01 22:20:18.258 13945 13956 V ClearcutMetricXmitter: Transmission is done.
07-01 22:20:18.260 14399 14399 I SigquitBasedANRDetector: Function PaletteWriteCrashThreadStacks hooked with result=0
07-01 22:20:18.261 14399 14399 W SoLoader: Loading rtvip on the main thread
07-01 22:20:18.262 14399 14399 D nativeloader: Load /data/data/com.whatsapp/files/decompressed/libs.spo/librtvip.so using class loader ns clns-5 (caller=/data/app/~~U_7PQdmRwMNdS0n_noXDQg==/com.whatsapp-jtPQDAurWQaFvq0eO68oVw==/base.apk): ok
07-01 22:20:18.263 14399 14399 W SoLoader: Loading rtvip on the main thread
07-01 22:20:18.263 14399 14399 I rtvip   : done
07-01 22:20:18.263 14399 14399 W SoLoader: Loading vlc on the main thread
07-01 22:20:18.265 14413 14413 I AndroidRuntime: Using default boot image
07-01 22:20:18.265 14413 14413 I AndroidRuntime: Leaving lock profiling enabled
07-01 22:20:18.265 14413 14413 W libc    : Access denied finding property "odsign.verification.success"
07-01 22:20:18.265 14399 14399 D nativeloader: Load /data/data/com.whatsapp/files/decompressed/libs.spo/libvlc.so using class loader ns clns-5 (caller=/data/app/~~U_7PQdmRwMNdS0n_noXDQg==/com.whatsapp-jtPQDAurWQaFvq0eO68oVw==/base.apk): ok
07-01 22:20:18.265 14399 14399 W SoLoader: Loading native_utils on the main thread
07-01 22:20:18.267 14399 14399 D nativeloader: Load /data/data/com.whatsapp/files/decompressed/libs.spo/libnative_utils.so using class loader ns clns-5 (caller=/data/app/~~U_7PQdmRwMNdS0n_noXDQg==/com.whatsapp-jtPQDAurWQaFvq0eO68oVw==/base.apk): ok
07-01 22:20:18.267 14399 14399 W SoLoader: Loading curve25519 on the main thread
07-01 22:20:18.268 14413 14413 W app_process: ART APEX data files are untrusted.
07-01 22:20:18.268 14413 14413 I app_process: Using CollectorTypeCC GC.
07-01 22:20:18.268 14413 14413 E app_process: Error reading named image component header for /system/framework/boot.art, error: Unable to open file "/system/framework/arm64/boot.art" for reading image header
07-01 22:20:18.268 14413 14413 E app_process: Could not create image space with image file '/system/framework/boot.art!/apex/com.android.art/etc/boot-image.prof:/system/framework/boot-framework.art!/system/etc/boot-image.prof'. Attempting to fall back to imageless running. Error was: Unable to open file "/system/framework/arm64/boot.art" for reading image header
07-01 22:20:18.269 14399 14399 D nativeloader: Load /data/data/com.whatsapp/files/decompressed/libs.spo/libcurve25519.so using class loader ns clns-5 (caller=/data/app/~~U_7PQdmRwMNdS0n_noXDQg==/com.whatsapp-jtPQDAurWQaFvq0eO68oVw==/base.apk): ok
07-01 22:20:18.274  2064  2363 D AutoStartManagerService: prepare force stop p:12186 s: 18
07-01 22:20:18.274  2064  2363 I Process : Sending signal. PID: 12186 SIG: 18
07-01 22:20:18.274  2064  2363 W Process : Unable to open /proc/12186/status
07-01 22:20:18.304  2064  6892 D CompatibilityChangeReporter: Compat change id reported: 135634846; UID 10075; state: DISABLED
07-01 22:20:18.304  2064  6892 D CompatibilityChangeReporter: Compat change id reported: 177438394; UID 10075; state: DISABLED
07-01 22:20:18.304  2064  6892 D CompatibilityChangeReporter: Compat change id reported: 135772972; UID 10075; state: DISABLED
07-01 22:20:18.304  2064  6892 D CompatibilityChangeReporter: Compat change id reported: 135754954; UID 10075; state: ENABLED
07-01 22:20:18.305  2064  2364 D CompatibilityChangeReporter: Compat change id reported: 143937733; UID 10075; state: ENABLED
07-01 22:20:18.313 14399 14433 D nativeloader: Load /data/data/com.whatsapp/files/decompressed/libs.spo/libar-bundle3.so using class loader ns clns-5 (caller=/data/app/~~U_7PQdmRwMNdS0n_noXDQg==/com.whatsapp-jtPQDAurWQaFvq0eO68oVw==/base.apk): ok
07-01 22:20:18.320 14399 14433 D nativeloader: Load /data/data/com.whatsapp/files/decompressed/libs.spo/libfortify.so using class loader ns clns-5 (caller=/data/app/~~U_7PQdmRwMNdS0n_noXDQg==/com.whatsapp-jtPQDAurWQaFvq0eO68oVw==/base.apk): ok
07-01 22:20:18.323  3177  9063 I SarService: Receiver polling >>>> Change receiver mode: off
07-01 22:20:18.326  1080  1080 D Zygote  : Forked child process 14443
07-01 22:20:18.326  2064  2364 D Boost   : hostingType=content provider, hostingName={com.android.providers.contacts/com.android.providers.contacts.ContactsProvider2}, callerPackage=com.whatsapp, isSystem=false, isBoostNeeded=false.
07-01 22:20:18.327  2064  2364 I ActivityManager: Start proc 14443:android.process.acore/u0a75 for content provider {com.android.providers.contacts/com.android.providers.contacts.ContactsProvider2} caller=com.whatsapp
07-01 22:20:18.342 14399 14433 D nativeloader: Load /data/data/com.whatsapp/files/decompressed/libs.spo/libpytorch.so using class loader ns clns-5 (caller=/data/app/~~U_7PQdmRwMNdS0n_noXDQg==/com.whatsapp-jtPQDAurWQaFvq0eO68oVw==/base.apk): ok
07-01 22:20:18.351 14399 14433 W libc    : Access denied finding property "ro.hardware.chipname"
07-01 22:20:18.356 14399 14433 D nativeloader: Load /data/data/com.whatsapp/files/decompressed/libs.spo/libexecutorch.so using class loader ns clns-5 (caller=/data/app/~~U_7PQdmRwMNdS0n_noXDQg==/com.whatsapp-jtPQDAurWQaFvq0eO68oVw==/base.apk): ok
07-01 22:20:18.359 14443 14443 I d.process.acor: Using CollectorTypeCC GC.
07-01 22:20:18.363 14399 14433 D nativeloader: Load /data/data/com.whatsapp/files/decompressed/libs.spo/libpyspeech.so using class loader ns clns-5 (caller=/data/app/~~U_7PQdmRwMNdS0n_noXDQg==/com.whatsapp-jtPQDAurWQaFvq0eO68oVw==/base.apk): ok
07-01 22:20:18.367 14443 14443 D ProcessState: Binder ioctl to enable oneway spam detection failed: Invalid argument
07-01 22:20:18.369 14443 14443 I MessageMonitor: Load libmiui_runtime
07-01 22:20:18.374 14399 14433 D nativeloader: Load /data/data/com.whatsapp/files/decompressed/libs.spo/libopus_mlow.so using class loader ns clns-5 (caller=/data/app/~~U_7PQdmRwMNdS0n_noXDQg==/com.whatsapp-jtPQDAurWQaFvq0eO68oVw==/base.apk): ok
07-01 22:20:18.374  2064  6892 D CompatibilityChangeReporter: Compat change id reported: 168419799; UID 10075; state: DISABLED
07-01 22:20:18.375  2064  6892 D CompatibilityInfo: mCompatibilityFlags - 0
07-01 22:20:18.375  2064  6892 D CompatibilityInfo: applicationDensity - 440
07-01 22:20:18.375  2064  6892 D CompatibilityInfo: applicationScale - 1.0
07-01 22:20:18.378  2064  2581 I MiuiNetworkPolicy: updateUidState uid = 10075, uidState = 8
07-01 22:20:18.383 14443 14443 D CompatibilityChangeReporter: Compat change id reported: 171979766; UID 10075; state: ENABLED
07-01 22:20:18.384  6923 20102 W MQSService: CallerName:android.uid.shared:10075,calling Uid:10075
07-01 22:20:18.384  6923 20102 D MQSService: registerApplicationScoutThread pid = 14443, packageName = android.uid.shared:10075
07-01 22:20:18.394 14399 14433 D nativeloader: Load /data/data/com.whatsapp/files/decompressed/libs.spo/libar-bundle2.so using class loader ns clns-5 (caller=/data/app/~~U_7PQdmRwMNdS0n_noXDQg==/com.whatsapp-jtPQDAurWQaFvq0eO68oVw==/base.apk): ok
07-01 22:20:18.400 12916 13015 W Settings: Setting wifi_sleep_policy has moved from android.provider.Settings.System to android.provider.Settings.Global, returning read-only value.
07-01 22:20:18.401 12916 13015 W Settings: Setting wifi_sleep_policy has moved from android.provider.Settings.System to android.provider.Settings.Global, value is unchanged.
07-01 22:20:18.402 14399 14433 D nativeloader: Load /data/data/com.whatsapp/files/decompressed/libs.spo/libsimplejni.so using class loader ns clns-5 (caller=/data/app/~~U_7PQdmRwMNdS0n_noXDQg==/com.whatsapp-jtPQDAurWQaFvq0eO68oVw==/base.apk): ok
07-01 22:20:18.406 14443 14443 D nativeloader: Configuring clns-shared-4 for other apk /system/app/miui/miui.apk. target_sdk_version=31, uses_libraries=ALL, library_path=/system/priv-app/ContactsProvider/lib/arm64:/system/lib64:/system_ext/lib64, permitted_path=/data:/mnt/expand:/data/user/0/com.android.providers.contacts:/system/priv-app/ContactsProvider:/system/lib64:/system_ext/lib64
07-01 22:20:18.406 14443 14443 D nativeloader: Extending system_exposed_libraries: libvraudio_client.qti.so:libbinauralrenderer_wrapper.qti.so:libhoaeffects.qti.so:libQOC.qti.so:libcamera_algoup_jni.xiaomi.so:libcamera_mianode_jni.xiaomi.so:libupdateprof.qti.so:libthermalclient.qti.so:libQOC.qti.so:libdiag_system.qti.so:libqape.qti.so:libqesdk_ndk_platform.qti.so:liblistenjni.qti.so
07-01 22:20:18.413 14399 14433 D nativeloader: Load /data/data/com.whatsapp/files/decompressed/libs.spo/libgraphutil.so using class loader ns clns-5 (caller=/data/app/~~U_7PQdmRwMNdS0n_noXDQg==/com.whatsapp-jtPQDAurWQaFvq0eO68oVw==/base.apk): ok
07-01 22:20:18.416 14443 14443 D nativeloader: Configuring clns-shared-5 for other apk /system/app/miuisystem/miuisystem.apk. target_sdk_version=31, uses_libraries=ALL, library_path=/system/priv-app/ContactsProvider/lib/arm64:/system/lib64:/system_ext/lib64, permitted_path=/data:/mnt/expand:/data/user/0/com.android.providers.contacts:/system/priv-app/ContactsProvider:/system/lib64:/system_ext/lib64
07-01 22:20:18.416 14443 14443 D nativeloader: Extending system_exposed_libraries: libvraudio_client.qti.so:libbinauralrenderer_wrapper.qti.so:libhoaeffects.qti.so:libQOC.qti.so:libcamera_algoup_jni.xiaomi.so:libcamera_mianode_jni.xiaomi.so:libupdateprof.qti.so:libthermalclient.qti.so:libQOC.qti.so:libdiag_system.qti.so:libqape.qti.so:libqesdk_ndk_platform.qti.so:liblistenjni.qti.so
07-01 22:20:18.417 14399 14433 D nativeloader: Load /data/data/com.whatsapp/files/decompressed/libs.spo/libgraphstorecerealutil.so using class loader ns clns-5 (caller=/data/app/~~U_7PQdmRwMNdS0n_noXDQg==/com.whatsapp-jtPQDAurWQaFvq0eO68oVw==/base.apk): ok
07-01 22:20:18.423 14399 14433 D nativeloader: Load /data/data/com.whatsapp/files/decompressed/libs.spo/libxplat_third-party_zstd__zstd.so using class loader ns clns-5 (caller=/data/app/~~U_7PQdmRwMNdS0n_noXDQg==/com.whatsapp-jtPQDAurWQaFvq0eO68oVw==/base.apk): ok
07-01 22:20:18.436 14443 14443 D nativeloader: Configuring clns-shared-6 for other apk /system/priv-app/RtMiCloudSDK/RtMiCloudSDK.apk. target_sdk_version=31, uses_libraries=ALL, library_path=/system/priv-app/ContactsProvider/lib/arm64:/system/lib64:/system_ext/lib64, permitted_path=/data:/mnt/expand:/data/user/0/com.android.providers.contacts:/system/priv-app/ContactsProvider:/system/lib64:/system_ext/lib64
07-01 22:20:18.436 14443 14443 D nativeloader: Extending system_exposed_libraries: libvraudio_client.qti.so:libbinauralrenderer_wrapper.qti.so:libhoaeffects.qti.so:libQOC.qti.so:libcamera_algoup_jni.xiaomi.so:libcamera_mianode_jni.xiaomi.so:libupdateprof.qti.so:libthermalclient.qti.so:libQOC.qti.so:libdiag_system.qti.so:libqape.qti.so:libqesdk_ndk_platform.qti.so:liblistenjni.qti.so
07-01 22:20:18.452 14443 14443 D nativeloader: Configuring clns-shared-7 for other apk /system/framework/javax.obex.jar. target_sdk_version=31, uses_libraries=ALL, library_path=/system/priv-app/ContactsProvider/lib/arm64:/system/lib64:/system_ext/lib64, permitted_path=/data:/mnt/expand:/data/user/0/com.android.providers.contacts:/system/priv-app/ContactsProvider:/system/lib64:/system_ext/lib64
07-01 22:20:18.453 14443 14443 D nativeloader: Extending system_exposed_libraries: libvraudio_client.qti.so:libbinauralrenderer_wrapper.qti.so:libhoaeffects.qti.so:libQOC.qti.so:libcamera_algoup_jni.xiaomi.so:libcamera_mianode_jni.xiaomi.so:libupdateprof.qti.so:libthermalclient.qti.so:libQOC.qti.so:libdiag_system.qti.so:libqape.qti.so:libqesdk_ndk_platform.qti.so:liblistenjni.qti.so
07-01 22:20:18.455 14399 14433 D nativeloader: Load /data/data/com.whatsapp/files/decompressed/libs.spo/libwhatsappmerged.so using class loader ns clns-5 (caller=/data/app/~~U_7PQdmRwMNdS0n_noXDQg==/com.whatsapp-jtPQDAurWQaFvq0eO68oVw==/base.apk): ok
07-01 22:20:18.467 14443 14443 D nativeloader: Configuring clns-shared-8 for other apk /system/framework/org.apache.http.legacy.jar. target_sdk_version=31, uses_libraries=ALL, library_path=/system/priv-app/ContactsProvider/lib/arm64:/system/lib64:/system_ext/lib64, permitted_path=/data:/mnt/expand:/data/user/0/com.android.providers.contacts:/system/priv-app/ContactsProvider:/system/lib64:/system_ext/lib64
07-01 22:20:18.467 14443 14443 D nativeloader: Extending system_exposed_libraries: libvraudio_client.qti.so:libbinauralrenderer_wrapper.qti.so:libhoaeffects.qti.so:libQOC.qti.so:libcamera_algoup_jni.xiaomi.so:libcamera_mianode_jni.xiaomi.so:libupdateprof.qti.so:libthermalclient.qti.so:libQOC.qti.so:libdiag_system.qti.so:libqape.qti.so:libqesdk_ndk_platform.qti.so:liblistenjni.qti.so
07-01 22:20:18.492 14399 14433 D nativeloader: Load /data/data/com.whatsapp/files/decompressed/libs.spo/libwhatsapp.so using class loader ns clns-5 (caller=/data/app/~~U_7PQdmRwMNdS0n_noXDQg==/com.whatsapp-jtPQDAurWQaFvq0eO68oVw==/base.apk): ok
07-01 22:20:18.519 14399 14456 I WhatsAppJni: EnsureThreadAttached: attached current thread to JVM
07-01 22:20:18.523  3177  9063 I SarService: Receiver polling >>>> Change receiver mode: off
07-01 22:20:18.525 14443 14443 D nativeloader: Configuring clns-shared-9 for other apk /system/priv-app/ContactsProvider/ContactsProvider.apk. target_sdk_version=31, uses_libraries=, library_path=/system/priv-app/ContactsProvider/lib/arm64:/system/lib64:/system_ext/lib64, permitted_path=/data:/mnt/expand:/data/user/0/com.android.providers.contacts:/system/priv-app/ContactsProvider:/system/lib64:/system_ext/lib64
07-01 22:20:18.534 13401 13412 W JavaBinder: BinderProxy is being destroyed but the application did not call unlinkToDeath to unlink all of its death recipients beforehand.  Releasing leaked death recipient: X.0mt
07-01 22:20:18.548 14399 14461 I WhatsAppJni: EnsureThreadAttached: attached current thread to JVM
07-01 22:20:18.549 14399 14462 I WhatsAppJni: EnsureThreadAttached: attached current thread to JVM
07-01 22:20:18.549 14443 14443 I Perf    : Connecting to perf service.
07-01 22:20:18.556 14443 14443 V GraphicsEnvironment: ANGLE Developer option for 'com.android.providers.contacts' set to: 'default'
07-01 22:20:18.556 14443 14443 V GraphicsEnvironment: Neither updatable production driver nor prerelease driver is supported.
07-01 22:20:18.560 14443 14443 I ForceDarkHelperStubImpl: initialize for com.android.providers.contacts , ForceDarkOrigin
07-01 22:20:18.562 14399 14441 I PlayCore: UID: [10007]  PID: [14399] SplitInstallListenerRegistry : registerListener
07-01 22:20:18.562 14443 14443 D nativeloader: Load libforcedarkimpl.so using system ns (caller=/system/framework/miui-framework.jar): ok
07-01 22:20:18.562 14443 14443 D OpenGLRenderer: JNI_OnLoad success
07-01 22:20:18.563 14443 14443 I MiuiForceDarkConfig: setConfig density:2.750000, mainRule:0, secondaryRule:0, tertiaryRule:0
07-01 22:20:18.566 14443 14443 D NetworkSecurityConfig: No Network Security Config specified, using platform default
07-01 22:20:18.571 13401 13412 W JavaBinder: BinderProxy is being destroyed but the application did not call unlinkToDeath to unlink all of its death recipients beforehand.  Releasing leaked death recipient: miui.mqsas.sdk.MQSEventManagerDelegate$1
07-01 22:20:18.572 13401 13412 I BpBinder: onLastStrongRef automatically unlinking death recipients: <uncached descriptor>
07-01 22:20:18.572 14443 14443 D NetworkSecurityConfig: No Network Security Config specified, using platform default
07-01 22:20:18.575 13401 13413 W System  : A resource failed to call ZipFile.close.
07-01 22:20:18.577 13401 13413 W System  : A resource failed to call close.
07-01 22:20:18.587 14443 14443 D loading : ContactsProvider2 onCreate uid: 10075 userId:1
07-01 22:20:18.593 14443 14443 D CrashHandler: init
07-01 22:20:18.603 14413 14413 D nativeloader: InitDefaultPublicLibraries for_preload=1: libandroid.so:libaaudio.so:libamidi.so:libbinder_ndk.so:libc.so:libcamera2ndk.so:libdl.so:libEGL.so:libGLESv1_CM.so:libGLESv2.so:libGLESv3.so:libicu.so:libicui18n.so:libicuuc.so:libjnigraphics.so:liblog.so:libmediandk.so:libm.so:libnativehelper.so:libnativewindow.so:libOpenMAXAL.so:libOpenSLES.so:libRS.so:libstdc++.so:libsync.so:libvulkan.so:libwebviewchromium_plat_support.so:libz.so
07-01 22:20:18.605  2064  6892 D ConnectivityService: requestNetwork for uid/pid:10007/14399 activeRequest: null callbackRequest: 25432 [NetworkRequest [ REQUEST id=25433, [ Capabilities: INTERNET&NOT_RESTRICTED&TRUSTED&NOT_VCN_MANAGED Uid: 10007 RequestorUid: 10007 RequestorPkg: com.whatsapp UnderlyingNetworks: Null] ]] callback flags: 0 order: 2147483647 isUidTracked: false declaredMethods: AVAIL|LOST|UNAVAIL|BLK
07-01 22:20:18.607  2064  2582 D WifiNetworkFactory: got request NetworkRequest [ REQUEST id=25433, [ Capabilities: INTERNET&NOT_RESTRICTED&TRUSTED&NOT_VCN_MANAGED Uid: 10007 RequestorUid: 10007 RequestorPkg: com.whatsapp UnderlyingNetworks: Null] ]
07-01 22:20:18.607  2064  2582 D UntrustedWifiNetworkFactory: got request NetworkRequest [ REQUEST id=25433, [ Capabilities: INTERNET&NOT_RESTRICTED&TRUSTED&NOT_VCN_MANAGED Uid: 10007 RequestorUid: 10007 RequestorPkg: com.whatsapp UnderlyingNetworks: Null] ]
07-01 22:20:18.608  2064  2582 D OemPaidWifiNetworkFactory: got request NetworkRequest [ REQUEST id=25433, [ Capabilities: INTERNET&NOT_RESTRICTED&TRUSTED&NOT_VCN_MANAGED Uid: 10007 RequestorUid: 10007 RequestorPkg: com.whatsapp UnderlyingNetworks: Null] ]
07-01 22:20:18.609  2064  2594 D ConnectivityService: NetReassign [25433 : null → 122] [c 0] [a 1] [i 3]
07-01 22:20:18.614 14443 14443 V ContactsTaskScheduler: [ContactsProvider2] Thread[Worker-1,5,main] started.
07-01 22:20:18.617 14443 14443 I ContactsProvider: ContactsProvider2 is initialized: true
07-01 22:20:18.619 14443 14473 V ContactsTaskScheduler: [ContactsProvider2] Thread[Worker-1,5,main] dispatching 0
07-01 22:20:18.621 14399 14458 E msys    : E[ADNSUCTIMH WAJMNSRuntime]WAJContextInitMNSRuntime(446)=>[LogLevel:I] Secondary DNS resolver enabled
07-01 22:20:18.622 14399 14458 E msys    : E[N WA]_WAJMNSStreamImplMNSTCPStreamCreate(368)=>[LogLevel:I] WAJMNSStream/impl/tcpStreamCreate/MNSStreamRaw/p=0xb400007ac40be500
07-01 22:20:18.622 14399 14458 E msys    : E[N WA]WAJMNSStreamImplCreate(429)=>[LogLevel:I] WAJMNSStream/impl/create/p=0xb400007ac40be500 (mnsConn=0xb400007ac4115080)
07-01 22:20:18.627 14399 14458 E msys    : E[N WA]_WAJMNSStreamCreateMnsIpsFromIpAddressStrings(87)=>[LogLevel:I] no ip addresses provided, using DNS resolution
07-01 22:20:18.627 14399 14458 E msys    : E[N WA]WAJMNSStreamImplConnect(458)=>[LogLevel:I] WAJMNSStream/impl/connect/p=0xb400007ac40be500 (endpoint=g.whatsapp.net:5222)(ipAddressCount=0)
07-01 22:20:18.627 14399 14458 E msys    : E[N WA]_WAJMNSStreamImplUpdateStreamState(230)=>[LogLevel:I] WAJMNSStream/impl/state-changed/p=0xb400007ac40be500 (initial=>connecting)
07-01 22:20:18.647 14399 14472 D CompatibilityChangeReporter: Compat change id reported: 160794467; UID 10007; state: ENABLED
07-01 22:20:18.654 14413 14413 D nativeloader: Load libicu_jni.so using APEX ns com_android_art for caller /apex/com.android.art/javalib/core-oj.jar: ok
07-01 22:20:18.654 14413 14413 D app_process: Time zone APEX ICU file found: /apex/com.android.tzdata/etc/icu/icu_tzdata.dat
07-01 22:20:18.654 14413 14413 D app_process: I18n APEX ICU file found: /apex/com.android.i18n/etc/icu/icudt68l.dat
07-01 22:20:18.656 14413 14413 D nativeloader: Load libjavacore.so using APEX ns com_android_art for caller /apex/com.android.art/javalib/core-oj.jar: ok
07-01 22:20:18.658 14413 14413 D nativeloader: Load libopenjdk.so using APEX ns com_android_art for caller /apex/com.android.art/javalib/core-oj.jar: ok
07-01 22:20:18.658 14443 14443 D nativeloader: Configuring clns-shared-10 for other apk /system/priv-app/UserDictionaryProvider/UserDictionaryProvider.apk. target_sdk_version=31, uses_libraries=, library_path=/system/priv-app/UserDictionaryProvider/lib/arm64:/system/lib64:/system_ext/lib64, permitted_path=/data:/mnt/expand:/data/user/0/com.android.providers.userdictionary:/system/priv-app/UserDictionaryProvider:/system/lib64:/system_ext/lib64
07-01 22:20:18.659 14399 14484 E msys    : E[N WA]_WAJMNSStreamImplOnMNSReady(259)=>[LogLevel:I] WAJMNSStream/impl/callback/onMNSReady/p=0xb400007ac40be500
07-01 22:20:18.659 14399 14484 E msys    : E[N WA]_WAJMNSStreamImplCreateConnectionReport(194)=>[LogLevel:I] WAJMNSStream/impl/report port=5222, connectedIPVersion=4, resolvedIPAddressCount=1, dnsResolutionStartTimeMS=422235205, dnsResolutionEndTimeMS=422235206, dnsCacheHit=Yes, connectStartTimeMS=422235206, connectEndTimeMS=422235235, proxyConnectStartTimeMS=0, proxyConnectEndTimeMS=0
07-01 22:20:18.659 14399 14484 E msys    : E[N WA]_WAJMNSStreamImplUpdateStreamState(230)=>[LogLevel:I] WAJMNSStream/impl/state-changed/p=0xb400007ac40be500 (connecting=>connected)
07-01 22:20:18.661 14399 14484 E msys    : E[N mns]_OnResolverSuccess(359)=>Cache refresh succeeded with system DNS resolver. IP count: 1
07-01 22:20:18.665 14399 14476 E com.whatsapp: No implementation found for void com.facebook.quicklog.QuickPerformanceLoggerNativeProvider.nativeUpdateQPLInstance() (tried Java_com_facebook_quicklog_QuickPerformanceLoggerNativeProvider_nativeUpdateQPLInstance and Java_com_facebook_quicklog_QuickPerformanceLoggerNativeProvider_nativeUpdateQPLInstance__) - is the library loaded, e.g. System.loadLibrary?
07-01 22:20:18.669 14399 14476 W QPLProvider: QuickPerformanceLoggerProvider failed to update native QPL instance, native library. This is expected during early app initialization
07-01 22:20:18.686 14443 14473 D ContactsDatabaseHelper: onOpen: WAL enabled for contacts2.db: true
07-01 22:20:18.688 14443 14443 D nativeloader: Configuring clns-shared-11 for other apk /system/priv-app/BlockedNumberProvider/BlockedNumberProvider.apk. target_sdk_version=31, uses_libraries=, library_path=/system/priv-app/BlockedNumberProvider/lib/arm64:/system/lib64:/system_ext/lib64, permitted_path=/data:/mnt/expand:/data/user_de/0/com.android.providers.blockednumber:/system/priv-app/BlockedNumberProvider:/system/lib64:/system_ext/lib64
07-01 22:20:18.690 14413 14413 W app_process: Using default priority map due to SDK version
07-01 22:20:18.705 14443 14443 I ContactsPerf: VoicemailContentProvider.onCreate start
07-01 22:20:18.708 14443 14473 D T9      : onContactDatabaseOpened
07-01 22:20:18.708 14443 14473 D SyncAccountUtils: getSelectionWritableData(): readonly types: ('com.whatsapp','com.google.android.apps.tachyon','com.truecaller.account')
07-01 22:20:18.708 14399 14476 D nativeloader: Load /data/data/com.whatsapp/files/decompressed/libs.spo/libtigon-ue-reporter.so using class loader ns clns-5 (caller=/data/app/~~U_7PQdmRwMNdS0n_noXDQg==/com.whatsapp-jtPQDAurWQaFvq0eO68oVw==/base.apk): ok
07-01 22:20:18.709 14443 14443 V ContactsTaskScheduler: [VoicemailContentProvider] Thread[Worker-1,5,main] started.
07-01 22:20:18.709 14443 14443 I ContactsPerf: VoicemailContentProvider.onCreate finish
07-01 22:20:18.712 14443 14503 V ContactsTaskScheduler: [VoicemailContentProvider] Thread[Worker-1,5,main] dispatching 0
07-01 22:20:18.713 14443 14443 V ContactsTaskScheduler: [CallLogProvider] Thread[Worker-1,5,main] started.
07-01 22:20:18.716  2064  3111 I BatteryService: current mPlugType1current mHealthInfo.batteryLevel100current mHealthInfo.batteryTemperature331
07-01 22:20:18.718  9629  9918 D ThermalIECHandler: storeDataStyle: thermal_iec_monitor_persistence_data_style_iec_state; startIECTime: -1; IECScreenOffOverPeriodTime: 1308740522
07-01 22:20:18.718 14443 14505 V ContactsTaskScheduler: [CallLogProvider] Thread[Worker-1,5,main] dispatching 0
07-01 22:20:18.719  3134  3134 D QtiCarrierConfigHelper: WARNING, no carrier configs on phone Id: 1
07-01 22:20:18.720  7440  7440 E PowerUtils: getSurfaceTemprature error
07-01 22:20:18.720  7440  7440 E PowerUtils: java.io.FileNotFoundException: /sys/class/thermal/thermal_message/board_sensor_temp: open failed: ENOENT (No such file or directory)
07-01 22:20:18.720  7440  7440 E PowerUtils: 	at libcore.io.IoBridge.open(IoBridge.java:574)
07-01 22:20:18.720  7440  7440 E PowerUtils: 	at java.io.FileInputStream.<init>(FileInputStream.java:179)
07-01 22:20:18.720  7440  7440 E PowerUtils: 	at java.io.FileInputStream.<init>(FileInputStream.java:133)
07-01 22:20:18.720  7440  7440 E PowerUtils: 	at java.io.FileReader.<init>(FileReader.java:60)
07-01 22:20:18.720  7440  7440 E PowerUtils: 	at hd.w.A(Unknown Source:11)
07-01 22:20:18.720  7440  7440 E PowerUtils: 	at yc.o.u(Unknown Source:32)
07-01 22:20:18.720  7440  7440 E PowerUtils: 	at yc.o$b.onReceive(Unknown Source:14)
07-01 22:20:18.720  7440  7440 E PowerUtils: 	at android.app.LoadedApk$ReceiverDispatcher$Args.lambda$getRunnable$0$LoadedApk$ReceiverDispatcher$Args(LoadedApk.java:1694)
07-01 22:20:18.720  7440  7440 E PowerUtils: 	at android.app.LoadedApk$ReceiverDispatcher$Args$$ExternalSyntheticLambda0.run(Unknown Source:2)
07-01 22:20:18.720  7440  7440 E PowerUtils: 	at android.os.Handler.handleCallback(Handler.java:938)
07-01 22:20:18.720  7440  7440 E PowerUtils: 	at android.os.Handler.dispatchMessage(Handler.java:99)
07-01 22:20:18.720  7440  7440 E PowerUtils: 	at android.os.Looper.loopOnce(Looper.java:210)
07-01 22:20:18.720  7440  7440 E PowerUtils: 	at android.os.Looper.loop(Looper.java:299)
07-01 22:20:18.720  7440  7440 E PowerUtils: 	at android.app.ActivityThread.main(ActivityThread.java:8319)
07-01 22:20:18.720  7440  7440 E PowerUtils: 	at java.lang.reflect.Method.invoke(Native Method)
07-01 22:20:18.720  7440  7440 E PowerUtils: 	at com.android.internal.os.RuntimeInit$MethodAndArgsCaller.run(RuntimeInit.java:556)
07-01 22:20:18.720  7440  7440 E PowerUtils: 	at com.android.internal.os.ZygoteInit.main(ZygoteInit.java:1038)
07-01 22:20:18.720  7440  7440 E PowerUtils: Caused by: android.system.ErrnoException: open failed: ENOENT (No such file or directory)
07-01 22:20:18.720  7440  7440 E PowerUtils: 	at libcore.io.Linux.open(Native Method)
07-01 22:20:18.720  7440  7440 E PowerUtils: 	at libcore.io.ForwardingOs.open(ForwardingOs.java:574)
07-01 22:20:18.720  7440  7440 E PowerUtils: 	at libcore.io.BlockGuardOs.open(BlockGuardOs.java:274)
07-01 22:20:18.720  7440  7440 E PowerUtils: 	at libcore.io.ForwardingOs.open(ForwardingOs.java:574)
07-01 22:20:18.720  7440  7440 E PowerUtils: 	at android.app.ActivityThread$AndroidOs.open(ActivityThread.java:8189)
07-01 22:20:18.720  7440  7440 E PowerUtils: 	at libcore.io.IoBridge.open(IoBridge.java:560)
07-01 22:20:18.720  7440  7440 E PowerUtils: 	... 16 more
07-01 22:20:18.722  9629  9742 D PowerKeeper.Thermal: mBatteryTemperature: 33
07-01 22:20:18.722  9629  9854 D PowerCheckerService: onBatteryChanged, mBatteryLevel = 100, status = 5, level = 100, plug = 1, scale = 100
07-01 22:20:18.723  7440  7440 I PowerSaveService: onReceive: android.intent.action.BATTERY_CHANGED
07-01 22:20:18.723  7440  7440 I PowerNoticeUI: handleBatteryChanged oldPlugType 1 mPlugType 1 oldBatteryLevel 100 mBatteryLevel 100 temperature 331
07-01 22:20:18.723 14399 14476 W SoLoader: SoLoader already initialized
07-01 22:20:18.723  3167  3167 V DeviceStatisticsService: chargerType=1 batteryLevel=100 totalBatteryCapacity=4975400
07-01 22:20:18.723  7440  7440 I ChargerBatteryIntelligenceReceiver: onBatteryChanged temperature：33,plugType:1
07-01 22:20:18.724  3177  9063 I SarService: Receiver polling >>>> Change receiver mode: off
07-01 22:20:18.725 14443 14505 D FbeUtils: isFbeEnabled(): true
07-01 22:20:18.726 14443 14443 V ContactsTaskScheduler: [ShadowCallLogProvider] Thread[Worker-1,5,main] started.
07-01 22:20:18.726 14443 14506 V ContactsTaskScheduler: [ShadowCallLogProvider] Thread[Worker-1,5,main] dispatching 0
07-01 22:20:18.726 14443 14506 V ContactsTaskScheduler: [ShadowCallLogProvider] Thread[Worker-1,5,main] dispatching end 0
07-01 22:20:18.729 14443 14443 V ExtraCallsProvider: registerAccountListener
07-01 22:20:18.732 14443 14503 D CallLogDatabaseHelper: onOpen: WAL enabled for calllog.db: true
07-01 22:20:18.733 14443 14503 D T9      : onCallsDatabaseOpened
07-01 22:20:18.756 14443 14503 V ContactsTaskScheduler: [VoicemailContentProvider] Thread[Worker-1,5,main] dispatching end 0
07-01 22:20:18.757 14399 14476 D nativeloader: Load /data/data/com.whatsapp/files/decompressed/libs.spo/libfbsocketthreadlocalscope.so using class loader ns clns-5 (caller=/data/app/~~U_7PQdmRwMNdS0n_noXDQg==/com.whatsapp-jtPQDAurWQaFvq0eO68oVw==/base.apk): ok
07-01 22:20:18.764 14399 14476 D nativeloader: Load /data/data/com.whatsapp/files/decompressed/libs.spo/libfb_sqlite_3500300.so using class loader ns clns-5 (caller=/data/app/~~U_7PQdmRwMNdS0n_noXDQg==/com.whatsapp-jtPQDAurWQaFvq0eO68oVw==/base.apk): ok
07-01 22:20:18.769 14443 14443 D T9Provider: onCreate: pid=14443 thread=Thread[main,5,main] calls=null
07-01 22:20:18.770 14443 14443 V ContactsTaskScheduler: [T9Provider] Thread[Worker-1,5,main] started.
07-01 22:20:18.770 14443 14510 V ContactsTaskScheduler: [T9Provider] Thread[Worker-1,5,main] dispatching 0
07-01 22:20:18.770 14443 14510 D T9Provider: initialize
07-01 22:20:18.770 14443 14510 D T9Provider: initialize: wait for load from shadow...
07-01 22:20:18.772 14399 14476 D nativeloader: Load /data/data/com.whatsapp/files/decompressed/libs.spo/libffsingletonmerged.so using class loader ns clns-5 (caller=/data/app/~~U_7PQdmRwMNdS0n_noXDQg==/com.whatsapp-jtPQDAurWQaFvq0eO68oVw==/base.apk): ok
07-01 22:20:18.780 14443 14505 D CallLogDatabaseHelper: onOpen: WAL enabled for calllog_shadow.db: true
07-01 22:20:18.785 14443 14505 D T9Provider: releaseLoadLatch: release load latch
07-01 22:20:18.785 14443 14510 D T9Provider: start load
07-01 22:20:18.786 14443 14510 D T9      : T9Depod load() size 0
07-01 22:20:18.789 14443 14505 I CallLogProvider: CallLog delete: CPID=14443, CallingPackage = com.android.providers.contacts User=0
