07-01 22:20:19.856 14540 14618 I AdrenoVK-0: QUALCOMM build          : 820d4a4028, I5580630f49
07-01 22:20:19.856 14540 14618 I AdrenoVK-0: Build Date              : 11/04/21
07-01 22:20:19.856 14540 14618 I AdrenoVK-0: Shader Compiler Version : EV031.32.02.16
07-01 22:20:19.856 14540 14618 I AdrenoVK-0: Local Branch            :
07-01 22:20:19.856 14540 14618 I AdrenoVK-0: Remote Branch           :
07-01 22:20:19.856 14540 14618 I AdrenoVK-0: Remote Branch           :
07-01 22:20:19.856 14540 14618 I AdrenoVK-0: Reconstruct Branch      :
07-01 22:20:19.856 14540 14618 I AdrenoVK-0: Build Config            : S P 10.0.7 AArch64
07-01 22:20:19.856 14540 14618 I AdrenoVK-0: Driver Path             : /vendor/lib64/hw/vulkan.adreno.so
07-01 22:20:19.856  6046 12837 I AdvertisingIdClient: shouldSendLog 1310055722
07-01 22:20:19.856  6046 12837 I AdvertisingIdClient: GetInfoInternal elapse 6ms
07-01 22:20:19.857 14540 14579 E icetextnote.ap: open libmigui.so failed! dlopen - dlopen failed: library "libmigui.so" not found
07-01 22:20:19.869 14540 14618 I flutter : [IMPORTANT:flutter/shell/platform/android/android_context_vk_impeller.cc(62)] Using the Impeller rendering backend (Vulkan).
07-01 22:20:19.880 14540 14618 I flutter : [IMPORTANT:flutter/shell/platform/android/android_context_gl_impeller.cc(104)] Using the Impeller rendering backend (OpenGLES).
07-01 22:20:19.887  6074  6074 D BoundBrokerSvc: onRebind: Intent { act=com.google.android.gms.common.telemetry.service.START dat=chimera-action: cmp=com.google.android.gms/.chimera.PersistentApiService }
07-01 22:20:19.895  2064  6888 D WindowManager: finishDrawingLocked: mDrawState=COMMIT_DRAW_PENDING Window{1e2f228 u0 com.voicetextnote.app/com.voicetextnote.app.MainActivity} in Surface(name=com.voicetextnote.app/com.voicetextnote.app.MainActivity)/@0x686e722
07-01 22:20:19.895 14540 14540 I FLTFireMsgService: FlutterFirebaseMessagingBackgroundService started!
07-01 22:20:19.906  1239  4241 E ANDR-PERF-LM: ThreadHelper: thread_callback() 145: More than one pending updates!!! This should not happen. MeterMgr should avoid this case.
07-01 22:20:19.908  2064  2346 I ActivityTaskManager: Displayed com.voicetextnote.app/.MainActivity: +788ms
07-01 22:20:19.910 14540 14540 D DecorView[]: onWindowFocusChanged hasWindowFocus true
07-01 22:20:19.913  2064  2346 I ActivityTaskManager: Fully drawn com.voicetextnote.app/.MainActivity: +788ms
07-01 22:20:19.917 28525 28525 I GoogleInputMethodService: GoogleInputMethodService.onFinishInput():2274
07-01 22:20:19.917  1239  4241 E ANDR-PERF-LM: ThreadHelper: thread_callback() 145: More than one pending updates!!! This should not happen. MeterMgr should avoid this case.
07-01 22:20:19.919 28525 28525 I Module  : DeviceLockedStatusModuleProvider$Module.updateDeviceLockedStatusInternal():128 repeatCheckTimes = 0, locked = false
07-01 22:20:19.919  2064  6955 W InputManager-JNI: Input channel object 'b36e05 Splash Screen com.voicetextnote.app (client)' was disposed without first being removed with the input manager!
07-01 22:20:19.920 28525 28525 I GoogleInputMethodService: GoogleInputMethodService.onStartInput():1459 onStartInput(EditorInfo{EditorInfo{packageName=com.voicetextnote.app, inputType=0, inputTypeString=NULL, enableLearning=false, autoCorrection=false, autoComplete=false, imeOptions=0, privateImeOptions=null, actionName=UNSPECIFIED, actionLabel=null, initialSelStart=-1, initialSelEnd=-1, initialCapsMode=0, label=null, fieldId=-1, fieldName=null, extras=null, hintText=null, hintLocales=[]}}, false)
07-01 22:20:19.920 28525 28525 I LatinIMEBase: LatinIMEBase.updateInputViewCoverNavigation():317 Update input view padding, isNavbarOverInputWindow=false, bottom inset=130
07-01 22:20:19.921 28525 28525 I Module  : DeviceLockedStatusModuleProvider$Module.updateDeviceLockedStatusInternal():128 repeatCheckTimes = 1, locked = false
07-01 22:20:19.926  3177  9063 I SarService: Receiver polling >>>> Change receiver mode: off
07-01 22:20:20.117  2064  6955 D CompatibilityInfo: mCompatibilityFlags - 0
07-01 22:20:20.117  2064  6955 D CompatibilityInfo: applicationDensity - 440
07-01 22:20:20.117  2064  6955 D CompatibilityInfo: applicationScale - 1.0
07-01 22:20:20.127  3177  9063 I SarService: Receiver polling >>>> Change receiver mode: off
07-01 22:20:20.127 14399 14399 E WakeLockMetricsCollector: Unknown wakelock modified
07-01 22:20:20.131  2064  6955 D CompatibilityInfo: mCompatibilityFlags - 0
07-01 22:20:20.131  2064  6955 D CompatibilityInfo: applicationDensity - 440
07-01 22:20:20.131  2064  6955 D CompatibilityInfo: applicationScale - 1.0
07-01 22:20:20.132 14399 14634 E WakeLockMetricsCollector: Unknown wakelock modified
07-01 22:20:20.134 14399 14399 E WakeLockMetricsCollector: Unknown wakelock modified
07-01 22:20:20.135 14399 14634 E WakeLockMetricsCollector: Unknown wakelock modified
07-01 22:20:20.137  2064  6955 D CompatibilityInfo: mCompatibilityFlags - 0
07-01 22:20:20.137  2064  6955 D CompatibilityInfo: applicationDensity - 440
07-01 22:20:20.137  2064  6955 D CompatibilityInfo: applicationScale - 1.0
07-01 22:20:20.205  1239  4245 E ANDR-PERF-LM: VmRssMeter:: start() 447: Could not find pid, can not collect vmrss data
07-01 22:20:20.205  1239  4244 E ANDR-PERF-LM: VmRssMeter:: start() 447: Could not find pid, can not collect vmrss data
07-01 22:20:20.205  1239  4245 E ANDR-PERF-LM: AdaptiveLaunch: writeToDataBase() 64: Meter aborted or could not get meter data for this run
07-01 22:20:20.316  2064  6888 D CompatibilityInfo: mCompatibilityFlags - 0
07-01 22:20:20.316  2064  6888 D CompatibilityInfo: applicationDensity - 440
07-01 22:20:20.316  2064  6888 D CompatibilityInfo: applicationScale - 1.0
07-01 22:20:20.324  2064  2581 I MiuiNetworkPolicy: updateUidState uid = 10007, uidState = 8
07-01 22:20:20.324  2064  2581 I MiuiNetworkPolicy: updateUidState uid = 10075, uidState = 8
07-01 22:20:20.327  3177  9063 I SarService: Receiver polling >>>> Change receiver mode: off
07-01 22:20:20.332 14399 14459 D WM-PackageManagerHelper: Skipping component enablement for androidx.work.impl.background.systemjob.SystemJobService
07-01 22:20:20.332 14399 14459 D WM-Schedulers: Created SystemJobScheduler and enabled SystemJobService
07-01 22:20:20.335 14399 14642 D WM-ForceStopRunnable: Is default app process = true
07-01 22:20:20.335 14399 14642 D WM-ForceStopRunnable: Performing cleanup operations.
07-01 22:20:20.361 14399 14642 D WM-SystemJobScheduler: Reconciling jobs
07-01 22:20:20.373 14399 14484 E msys    : E[ADNSUCTIMH WAJMNSDNSResolver]_MNSDNSResolutionSuccess(35)=>[LogLevel:I] DNS Resolution Successful with 4 IPs, Persistent Cache Hit: 1, secondary resolver used: 0
07-01 22:20:20.373 14399 14484 E msys    : E[ADNSUCTIMH WAJMNSDNSResolver]_MNSDNSResolutionSuccess(55)=>[LogLevel:I] Resolved IP Address: 216.239.35.4
07-01 22:20:20.373 14399 14484 E msys    : E[ADNSUCTIMH WAJMNSDNSResolver]_MNSDNSResolutionSuccess(55)=>[LogLevel:I] Resolved IP Address: 216.239.35.0
07-01 22:20:20.373 14399 14484 E msys    : E[ADNSUCTIMH WAJMNSDNSResolver]_MNSDNSResolutionSuccess(55)=>[LogLevel:I] Resolved IP Address: 216.239.35.12
07-01 22:20:20.373 14399 14484 E msys    : E[ADNSUCTIMH WAJMNSDNSResolver]_MNSDNSResolutionSuccess(55)=>[LogLevel:I] Resolved IP Address: 216.239.35.8
07-01 22:20:20.376 14399 14642 D WM-ForceStopRunnable: Found unfinished work, scheduling it.
07-01 22:20:20.382 14399 14642 D WM-SystemJobScheduler: Scheduling work ID e1bb59ef-4ec8-4029-b1ba-90d412fe8e95Job ID 5618
07-01 22:20:20.383 14540 14540 I flutter : FCM 권한 상태: AuthorizationStatus.authorized
07-01 22:20:20.399  2064  2359 W ActivityManager: Unable to start service Intent { cmp=com.miui.powerkeeper/.perfshielder.PerfShielderStatisticsService } U=0: not found
07-01 22:20:20.399  2064  2359 V PerfShielderService: Miui powerkeeper: can't bind to com.miui.powerkeeper.perfshielder.PerfShielderStatisticsService
07-01 22:20:20.402  2064  6888 D CompatibilityInfo: mCompatibilityFlags - 0
07-01 22:20:20.402  2064  6888 D CompatibilityInfo: applicationDensity - 440
07-01 22:20:20.402  2064  6888 D CompatibilityInfo: applicationScale - 1.0
07-01 22:20:20.402 14399 14484 E msys    : E[N mns]_OnResolverSuccess(359)=>Cache refresh succeeded with system DNS resolver. IP count: 4
07-01 22:20:20.406 14399 14649 D WM-SystemJobScheduler: Scheduling work ID 6884170e-daa5-443e-ac59-820e891dec5dJob ID 5640
07-01 22:20:20.426 14399 14649 D WM-PackageManagerHelper: Skipping component enablement for androidx.work.impl.background.systemalarm.RescheduleReceiver
07-01 22:20:20.429  2064  6888 D CompatibilityInfo: mCompatibilityFlags - 0
07-01 22:20:20.429  2064  6888 D CompatibilityInfo: applicationDensity - 440
07-01 22:20:20.429  2064  6888 D CompatibilityInfo: applicationScale - 1.0
07-01 22:20:20.464  2064  6872 D PackageManager: set app  component=com.whatsapp/com.whatsapp.contact.ui.picker.ExternalShareAlias enabled state: 1 from null,uid=10007,pid=14399
07-01 22:20:20.464 14399 14399 W com.whatsapp: type=1400 audit(0.0:230572): avc: granted { execute } for comm=576861747341707020576F726B6572 path="/data/data/com.whatsapp/files/decompressed/libs.spo/libdav1d.so" dev="sda18" ino=219153 scontext=u:r:untrusted_app:s0:c7,c256,c512,c768 tcontext=u:object_r:app_data_file:s0:c7,c256,c512,c768 tclass=file app=com.whatsapp
07-01 22:20:20.482 14399 14459 D nativeloader: Load /data/data/com.whatsapp/files/decompressed/libs.spo/libdav1d.so using class loader ns clns-5 (caller=/data/app/~~U_7PQdmRwMNdS0n_noXDQg==/com.whatsapp-jtPQDAurWQaFvq0eO68oVw==/base.apk): ok
07-01 22:20:20.484  2064  2581 I MiuiNetworkPolicy: updateUidState uid = 10075, uidState = 10
07-01 22:20:20.484  2064  2581 I MiuiNetworkPolicy: updateUidState uid = 10007, uidState = 10
07-01 22:20:20.474 14399 14399 W com.whatsapp: type=1400 audit(0.0:230573): avc: granted { execute } for comm=576861747341707020576F726B6572 path="/data/data/com.whatsapp/files/decompressed/libs.spo/libwzav1.so" dev="sda18" ino=230952 scontext=u:r:untrusted_app:s0:c7,c256,c512,c768 tcontext=u:object_r:app_data_file:s0:c7,c256,c512,c768 tclass=file app=com.whatsapp
07-01 22:20:20.490 14399 14459 D nativeloader: Load /data/data/com.whatsapp/files/decompressed/libs.spo/libwzav1.so using class loader ns clns-5 (caller=/data/app/~~U_7PQdmRwMNdS0n_noXDQg==/com.whatsapp-jtPQDAurWQaFvq0eO68oVw==/base.apk): ok
07-01 22:20:20.484 14399 14399 W com.whatsapp: type=1400 audit(0.0:230574): avc: granted { execute } for comm=576861747341707020576F726B6572 path="/data/data/com.whatsapp/files/decompressed/libs.spo/libwzav1_v2.so" dev="sda18" ino=230171 scontext=u:r:untrusted_app:s0:c7,c256,c512,c768 tcontext=u:object_r:app_data_file:s0:c7,c256,c512,c768 tclass=file app=com.whatsapp
07-01 22:20:20.497 14399 14459 D nativeloader: Load /data/data/com.whatsapp/files/decompressed/libs.spo/libwzav1_v2.so using class loader ns clns-5 (caller=/data/app/~~U_7PQdmRwMNdS0n_noXDQg==/com.whatsapp-jtPQDAurWQaFvq0eO68oVw==/base.apk): ok
07-01 22:20:20.528  3177  9063 I SarService: Receiver polling >>>> Change receiver mode: off
07-01 22:20:20.713 14399 14459 D BluetoothHeadset: Binding service...
07-01 22:20:20.715  2064  6955 W BluetoothManagerService: psc is not null in bindBluetoothProfileService
07-01 22:20:20.728  3177  9063 I SarService: Receiver polling >>>> Change receiver mode: off
07-01 22:20:20.791 14399 14648 D WM-SystemJobScheduler: Scheduling work ID d41d0dda-f1f6-4dc0-88a8-91ba76e14f9bJob ID 5641
07-01 22:20:20.804 13825 14031 I PAApplication: initMiAPMIfPrivacyAllowed: hasEverAgreedPrivacy=true, isDeviceProvisioned=true, currentNeedShowPrivacy=false
07-01 22:20:20.804 13825 14031 I PAApplication: 初始化 MIAPM SDK...
07-01 22:20:20.816 14399 14412 D BluetoothHeadset: Proxy object connected
07-01 22:20:20.816 14540 14540 I flutter : 토픽 구독 완료: all
07-01 22:20:20.851  2064  6955 D CompatibilityChangeReporter: Compat change id reported: 319212206; UID 10282; state: ENABLED
07-01 22:20:20.855  2064  2594 D ConnectivityService: NetReassign [no changes] [c 0] [a 1] [i 2]
07-01 22:20:20.858 13825 13825 I PAApplication: 初始化 MIAPM 容灾功能...
07-01 22:20:20.860 13825 13825 I MiAPM.Disaster.Handler: [onAlive] vk.f
07-01 22:20:20.905  6046  6046 D BoundBrokerSvc: onUnbind: Intent { act=com.google.android.gms.mdisync.service.START dat=chimera-action: cmp=com.google.android.gms/.chimera.GmsApiService }
07-01 22:20:20.928  3177  9063 I SarService: Receiver polling >>>> Change receiver mode: off
07-01 22:20:21.129  3177  9063 I SarService: Receiver polling >>>> Change receiver mode: off
07-01 22:20:21.188  2064  2363 D CompatibilityInfo: mCompatibilityFlags - 0
07-01 22:20:21.188  2064  2363 D CompatibilityInfo: applicationDensity - 440
07-01 22:20:21.188  2064  2363 D CompatibilityInfo: applicationScale - 1.0
07-01 22:20:21.273  2064  2175 W System  : A resource failed to call close.
07-01 22:20:21.273  2064  2175 W System  : A resource failed to call release.
07-01 22:20:21.274  3217 12838 I FA      : Application backgrounded at: timestamp_millis: 1782912019272
07-01 22:20:21.329  3177  9063 I SarService: Receiver polling >>>> Change receiver mode: off
07-01 22:20:21.529  3177  9063 I SarService: Receiver polling >>>> Change receiver mode: off
07-01 22:20:21.730  3177  9063 I SarService: Receiver polling >>>> Change receiver mode: off
07-01 22:20:21.931  3177  9063 I SarService: Receiver polling >>>> Change receiver mode: off
07-01 22:20:21.999  6074  6074 D BoundBrokerSvc: onUnbind: Intent { act=com.google.android.gms.auth.aang.events.services.START dat=chimera-action: cmp=com.google.android.gms/.chimera.PersistentApiService }
07-01 22:20:22.131  3177  9063 I SarService: Receiver polling >>>> Change receiver mode: off
07-01 22:20:22.230  2064  2363 D CompatibilityInfo: mCompatibilityFlags - 0
07-01 22:20:22.230  2064  2363 D CompatibilityInfo: applicationDensity - 440
07-01 22:20:22.230  2064  2363 D CompatibilityInfo: applicationScale - 1.0
07-01 22:20:22.332  3177  9063 I SarService: Receiver polling >>>> Change receiver mode: off
07-01 22:20:22.528  3215  3215 D InterruptionStateProvider: No bubble up: not allowed to bubble: 0|com.miui.videoplayer|116|null|10142
07-01 22:20:22.529  3215  3215 D InterruptionStateProvider: No bubble up: not allowed to bubble: -1|android|26|null|1000
07-01 22:20:22.529  3215  3215 D InterruptionStateProvider: No bubble up: not allowed to bubble: -1|android|27|null|1000
07-01 22:20:22.529  3215  3215 D InterruptionStateProvider: No alerting: suppressed due to group alert behavior
07-01 22:20:22.532  3177  9063 I SarService: Receiver polling >>>> Change receiver mode: off
07-01 22:20:22.733  3177  9063 I SarService: Receiver polling >>>> Change receiver mode: off
07-01 22:20:22.933  3177  9063 I SarService: Receiver polling >>>> Change receiver mode: off
07-01 22:20:23.134  3177  9063 I SarService: Receiver polling >>>> Change receiver mode: off
07-01 22:20:23.272  2064  2363 D CompatibilityInfo: mCompatibilityFlags - 0
07-01 22:20:23.272  2064  2363 D CompatibilityInfo: applicationDensity - 440
07-01 22:20:23.272  2064  2363 D CompatibilityInfo: applicationScale - 1.0
07-01 22:20:23.335  3177  9063 I SarService: Receiver polling >>>> Change receiver mode: off
07-01 22:20:23.535  3177  9063 I SarService: Receiver polling >>>> Change receiver mode: off
07-01 22:20:23.634  6074  6074 D BoundBrokerSvc: onUnbind: Intent { act=com.google.android.gms.libs.gmscorelogger.service.START dat=chimera-action: cmp=com.google.android.gms/.chimera.PersistentDirectBootAwareApiService }
07-01 22:20:23.736  3177  9063 I SarService: Receiver polling >>>> Change receiver mode: off
07-01 22:20:23.936  3177  9063 I SarService: Receiver polling >>>> Change receiver mode: off
07-01 22:20:24.137  3177  9063 I SarService: Receiver polling >>>> Change receiver mode: off
07-01 22:20:24.321  2064  2363 D CompatibilityInfo: mCompatibilityFlags - 0
07-01 22:20:24.321  2064  2363 D CompatibilityInfo: applicationDensity - 440
07-01 22:20:24.321  2064  2363 D CompatibilityInfo: applicationScale - 1.0
07-01 22:20:24.337  3177  9063 I SarService: Receiver polling >>>> Change receiver mode: off
07-01 22:20:24.538  3177  9063 I SarService: Receiver polling >>>> Change receiver mode: off
07-01 22:20:24.738  3177  9063 I SarService: Receiver polling >>>> Change receiver mode: off
07-01 22:20:24.908  6074  6074 D BoundBrokerSvc: onUnbind: Intent { act=com.google.android.gms.common.telemetry.service.START dat=chimera-action: cmp=com.google.android.gms/.chimera.PersistentApiService }
07-01 22:20:24.938  3177  9063 I SarService: Receiver polling >>>> Change receiver mode: off
07-01 22:20:25.081 13401 13669 E msys    : E[N mns:TigonMNS]_OnResolverSuccess(359)=>Cache refresh succeeded with system DNS resolver. IP count: 1
07-01 22:20:25.092  2064  2363 I ActivityManager: Waited long enough for: ServiceRecord{e2ef0d u0 com.instagram.android/com.instagram.jobscheduler.bgfetch.scheduler.IgBgFetchTaskLifeService}
07-01 22:20:25.139  3177  9063 I SarService: Receiver polling >>>> Change receiver mode: off
07-01 22:20:25.151 14540 14676 D ProfileInstaller: Skipping profile installation for com.voicetextnote.app
07-01 22:20:25.185  2064  2581 I MiuiNetworkPolicy: updateUidState uid = 10075, uidState = 15
07-01 22:20:25.339  3177  9063 I SarService: Receiver polling >>>> Change receiver mode: off
07-01 22:20:25.346  2064  2363 D CompatibilityInfo: mCompatibilityFlags - 0
07-01 22:20:25.346  2064  2363 D CompatibilityInfo: applicationDensity - 440
07-01 22:20:25.346  2064  2363 D CompatibilityInfo: applicationScale - 1.0
07-01 22:20:25.540  3177  9063 I SarService: Receiver polling >>>> Change receiver mode: off
07-01 22:20:25.740  3177  9063 I SarService: Receiver polling >>>> Change receiver mode: off
07-01 22:20:25.941  3177  9063 I SarService: Receiver polling >>>> Change receiver mode: off
07-01 22:20:26.141  3177  9063 I SarService: Receiver polling >>>> Change receiver mode: off
07-01 22:20:26.342  3177  9063 I SarService: Receiver polling >>>> Change receiver mode: off
07-01 22:20:26.366  2064  2363 D CompatibilityInfo: mCompatibilityFlags - 0
07-01 22:20:26.366  2064  2363 D CompatibilityInfo: applicationDensity - 440
07-01 22:20:26.366  2064  2363 D CompatibilityInfo: applicationScale - 1.0
07-01 22:20:26.542  3177  9063 I SarService: Receiver polling >>>> Change receiver mode: off
07-01 22:20:26.648  6046  6046 D BoundBrokerSvc: onUnbind: Intent { act=com.google.android.gms.appset.service.START dat=chimera-action: cmp=com.google.android.gms/.chimera.GmsApiService }
07-01 22:20:26.665  6046  6046 D BoundBrokerSvc: onUnbind: Intent { act=com.google.android.gms.ads.identifier.service.EVENT_ATTESTATION dat=chimera-action: cmp=com.google.android.gms/.chimera.GmsBoundBrokerService }
07-01 22:20:26.742  3177  9063 I SarService: Receiver polling >>>> Change receiver mode: off
07-01 22:20:26.943  3177  9063 I SarService: Receiver polling >>>> Change receiver mode: off
07-01 22:20:27.050  2064  2581 D MiuiNetworkPolicy: updateLimit mLimitEnabled=true,enabled=false,mNetworkPriorityMode=255
07-01 22:20:27.144  3177  9063 I SarService: Receiver polling >>>> Change receiver mode: off
07-01 22:20:27.278  6046  6046 D BoundBrokerSvc: onUnbind: Intent { act=com.google.android.gms.safebrowsing.SafeBrowsingService.START dat=chimera-action: cmp=com.google.android.gms/.chimera.GmsBoundBrokerService }
07-01 22:20:27.286  6046  6046 D BoundBrokerSvc: onUnbind: Intent { act=com.google.android.gms.safetynet.service.START pkg=com.google.android.gms }
07-01 22:20:27.344  3177  9063 I SarService: Receiver polling >>>> Change receiver mode: off
07-01 22:20:27.384  2064  2363 D CompatibilityInfo: mCompatibilityFlags - 0
07-01 22:20:27.385  2064  2363 D CompatibilityInfo: applicationDensity - 440
07-01 22:20:27.385  2064  2363 D CompatibilityInfo: applicationScale - 1.0
07-01 22:20:27.430 13825 14682 E FilePhenotypeFlags: Config package com.google.android.gms.clearcut_client#com.mi.globalminusscreen cannot use FILE backing without declarative registration. See go/phenotype-android-integration#phenotype for more information. This will lead to stale flags.
07-01 22:20:27.454 13825 14682 E FilePhenotypeFlags: Config package com.google.android.gms.clearcut_client#com.mi.globalminusscreen cannot use FILE backing without declarative registration. See go/phenotype-android-integration#phenotype for more information. This will lead to stale flags.
07-01 22:20:27.454 13825 14682 E FilePhenotypeFlags: Config package com.google.android.gms.clearcut_client#com.mi.globalminusscreen cannot use FILE backing without declarative registration. See go/phenotype-android-integration#phenotype for more information. This will lead to stale flags.
07-01 22:20:27.544  3177  9063 I SarService: Receiver polling >>>> Change receiver mode: off
07-01 22:20:27.745  3177  9063 I SarService: Receiver polling >>>> Change receiver mode: off
07-01 22:20:27.946  3177  9063 I SarService: Receiver polling >>>> Change receiver mode: off
07-01 22:20:28.147  3177  9063 I SarService: Receiver polling >>>> Change receiver mode: off
07-01 22:20:28.347  3177  9063 I SarService: Receiver polling >>>> Change receiver mode: off
07-01 22:20:28.402  2064  2363 D CompatibilityChangeReporter: Compat change id reported: 168419799; UID 10325; state: DISABLED
07-01 22:20:28.402  2064  2363 D CompatibilityInfo: mCompatibilityFlags - 0
07-01 22:20:28.402  2064  2363 D CompatibilityInfo: applicationDensity - 440
07-01 22:20:28.402  2064  2363 D CompatibilityInfo: applicationScale - 1.0
07-01 22:20:28.548  3177  9063 I SarService: Receiver polling >>>> Change receiver mode: off
07-01 22:20:28.748  3177  9063 I SarService: Receiver polling >>>> Change receiver mode: off
07-01 22:20:28.949  3177  9063 I SarService: Receiver polling >>>> Change receiver mode: off
07-01 22:20:29.149  3177  9063 I SarService: Receiver polling >>>> Change receiver mode: off
07-01 22:20:29.220 13401 13537 D CompatibilityChangeReporter: Compat change id reported: 150939131; UID 10325; state: ENABLED
07-01 22:20:29.224  1202  2607 D audio_hw_primary: adev_set_parameters: enter: xlog.volume.music.speaker=15
07-01 22:20:29.224  1202  2607 V msm8974_platform: platform_set_parameters: enter: xlog.volume.music.speaker=15
07-01 22:20:29.224  1202  2607 D audio_hw_hfp: hfp_set_parameters: enter
07-01 22:20:29.224  1202  2607 D audio_hw_hfp: hfp_set_parameters: enter
07-01 22:20:29.224  1202  2607 D audio_hw_extn: audio_extn_fm_set_parameters: Enter
07-01 22:20:29.224  1202  2607 D audio_hw_hfp: hfp_set_parameters: enter
07-01 22:20:29.224  1202  2607 V audio_hw_primary: adev_set_parameters: exit with code(0)
07-01 22:20:29.226  1202  2607 D audio_hw_primary: adev_set_parameters: enter: xlog.volume.music.speaker=15
07-01 22:20:29.226  1202  2607 V msm8974_platform: platform_set_parameters: enter: xlog.volume.music.speaker=15
07-01 22:20:29.226  1202  2607 D audio_hw_hfp: hfp_set_parameters: enter
07-01 22:20:29.226  1202  2607 D audio_hw_hfp: hfp_set_parameters: enter
07-01 22:20:29.226  1202  2607 D audio_hw_extn: audio_extn_fm_set_parameters: Enter
07-01 22:20:29.227  1202  2607 D audio_hw_hfp: hfp_set_parameters: enter
07-01 22:20:29.227  1202  2607 V audio_hw_primary: adev_set_parameters: exit with code(0)
07-01 22:20:29.350  3177  9063 I SarService: Receiver polling >>>> Change receiver mode: off
07-01 22:20:29.429  2064  6872 W ProcessStats: Tracking association SourceState{5ba0c6e com.miui.home/10102 BTopFgs #1083608} whose proc state 2 is better than process ProcessState{9448e6a com.miui.securitycenter.remote/1000 pkg=com.miui.securitycenter} proc state 3 (503 skipped)
07-01 22:20:29.433 11954 11954 D SecurityCenter: ImageLoader clear memory info
07-01 22:20:29.434  2064  2363 D CompatibilityInfo: mCompatibilityFlags - 0
07-01 22:20:29.435  2064  2363 D CompatibilityInfo: applicationDensity - 440
07-01 22:20:29.435  2064  2363 D CompatibilityInfo: applicationScale - 1.0
07-01 22:20:29.550  3177  9063 I SarService: Receiver polling >>>> Change receiver mode: off
07-01 22:20:29.751  3177  9063 I SarService: Receiver polling >>>> Change receiver mode: off
07-01 22:20:29.929  2064  2581 I MiuiNetworkPolicy: updateUidState uid = 10185, uidState = 5
07-01 22:20:29.951  3177  9063 I SarService: Receiver polling >>>> Change receiver mode: off
07-01 22:20:30.152  3177  9063 I SarService: Receiver polling >>>> Change receiver mode: off
07-01 22:20:30.352  3177  9063 I SarService: Receiver polling >>>> Change receiver mode: off
07-01 22:20:30.460  2064  2363 D CompatibilityInfo: mCompatibilityFlags - 0
07-01 22:20:30.461  2064  2363 D CompatibilityInfo: applicationDensity - 440
07-01 22:20:30.461  2064  2363 D CompatibilityInfo: applicationScale - 1.0
07-01 22:20:30.553  3177  9063 I SarService: Receiver polling >>>> Change receiver mode: off
07-01 22:20:30.753  3177  9063 I SarService: Receiver polling >>>> Change receiver mode: off
07-01 22:20:30.954  3177  9063 I SarService: Receiver polling >>>> Change receiver mode: off
07-01 22:20:31.154  3177  9063 I SarService: Receiver polling >>>> Change receiver mode: off
07-01 22:20:31.202   675 13226 I keystore2: keystore2::watchdog: Watchdog thread idle -> terminating. Have a great day.
07-01 22:20:31.292  6046  6046 D BoundBrokerSvc: onUnbind: Intent { act=com.google.android.gms.measurement.START pkg=com.google.android.gms }
07-01 22:20:31.300  2064  2581 I MiuiNetworkPolicy: updateUidState uid = 10185, uidState = 10
07-01 22:20:31.307  2064  2581 I MiuiNetworkPolicy: updateUidState uid = 10185, uidState = 19
