07-01 22:20:18.792 14443 14505 I CallLogProvider: Syncing call composer pics -- source user=0, isShadow=true, forAllUser=false
07-01 22:20:18.793 14443 14505 I CallLogProvider: Fetching list of Uris to sync
07-01 22:20:18.794 14443 14505 I CallLogProvider: Will sync following Uris:[]
07-01 22:20:18.794 14443 14505 I CallLogProvider: Syncing call composer pics -- got []
07-01 22:20:18.794 14443 14505 V ContactsTaskScheduler: [CallLogProvider] Thread[Worker-1,5,main] dispatching end 0
07-01 22:20:18.803 14443 14473 I ContactLocale: AddressBook Labels [[ko_KR]]: […, ㄱ, ㄴ, ㄷ, ㄹ, ㅁ, ㅂ, ㅅ, ㅇ, ㅈ, ㅊ, ㅋ, ㅌ, ㅍ, ㅎ, …, A, B, C, D, E, F, G, H, I, J, K, L, M, N, O, P, Q, R, S, T, U, V, W, X, Y, Z, Α, Β, Γ, Δ, Ε, Ζ, Η, Θ, Ι, Κ, Λ, Μ, Ν, Ξ, Ο, Π, Ρ, Σ, Τ, Υ, Φ, Χ, Ψ, Ω, …, А, Б, В, Г, Д, Ђ, Е, Є, Ж, З, И, І, Й, Ј, К, Л, Љ, М, Н, Њ, О, П, Р, С, Т, Ћ, У, Ф, Х, Ц, Ч, Џ, Ш, Щ, Ю, Я, …, א, ב, ג, ד, ה, ו, ז, ח, ט, י, כ, ל, מ, נ, ס, ע, פ, צ, ק, ר, ש, ת, …, ا, ب, ت, ث, ج, ح, خ, د, ذ, ر, ز, س, ش, ص, ض, ط, ظ, ع, غ, ف, ق, ك, ل, م, ن, ه, و, ي, …, ก, ข, ฃ, ค, ฅ, ฆ, ง, จ, ฉ, ช, ซ, ฌ, ญ, ฎ, ฏ, ฐ, ฑ, ฒ, ณ, ด, ต, ถ, ท, ธ, น, บ, ป, ผ, ฝ, พ, ฟ, ภ, ม, ย, ร, ฤ, ล, ฦ, ว, ศ, ษ, ส, ห, ฬ, อ, ฮ, …, あ, か, さ, た, な, は, ま, や, ら, わ, #, …]
07-01 22:20:18.821 14443 14510 D T9CallLogDepot: updateFirewallItem()
07-01 22:20:18.831 14443 14473 D ContactsDatabaseHelper: onOpen: WAL enabled for profile.db: false
07-01 22:20:18.841  3177  3196 D TelephonyProvider: Using old permission behavior for telephony provider compat
07-01 22:20:18.860  3177  3196 D TelephonyProvider: Using old permission behavior for telephony provider compat
07-01 22:20:18.866 14443 14510 D T9Provider: [loadT9] load 81 ms
07-01 22:20:18.866 14443 14510 V ContactsTaskScheduler: [T9Provider] Thread[Worker-1,5,main] dispatching end 0
07-01 22:20:18.868 14443 14473 V ContactsTaskScheduler: [ContactsProvider2] Thread[Worker-1,5,main] dispatching end 0
07-01 22:20:18.868 14443 14473 V ContactsTaskScheduler: [ContactsProvider2] Thread[Worker-1,5,main] dispatching 3
07-01 22:20:18.868 14443 14473 D loading : addCurProviderIfNecessary return true: 1
07-01 22:20:18.886 14443 14473 D ContactDirectoryManager: getDirectoryProviderPackages,pckageName:com.google.android.gm
07-01 22:20:18.886 14443 14473 D ContactDirectoryManager: getDirectoryProviderPackages,pckageName:com.google.android.contacts
07-01 22:20:18.886 14443 14473 D ContactDirectoryManager: getDirectoryProviderPackages,pckageName:com.google.android.gms
07-01 22:20:18.886 14443 14473 D ContactDirectoryManager: getDirectoryProviderPackages,pckageName:com.google.android.contacts
07-01 22:20:18.895 14443 14473 D SyncAccountUtils: queryReadonlyAccountTypes: checking package org.thoughtcrime.securesms, account type org.thoughtcrime.securesms, parser android.content.res.XmlBlock$Parser@230dbbe
07-01 22:20:18.908 14399 14496 E msys    : E[N mns:TigonMNS]_OnResolverSuccess(359)=>Cache refresh succeeded with system DNS resolver. IP count: 1
07-01 22:20:18.920 14413 14413 D ProcessState: Binder ioctl to enable oneway spam detection failed: Invalid argument
07-01 22:20:18.920 14413 14413 D AndroidRuntime: Calling main entry com.android.commands.monkey.Monkey
07-01 22:20:18.924  3177  9063 I SarService: Receiver polling >>>> Change receiver mode: off
07-01 22:20:18.926 14413 14413 W Monkey  : args: [-p, com.voicetextnote.app, -c, android.intent.category.LAUNCHER, 1]
07-01 22:20:18.930 14443 14473 D SyncAccountUtils: queryReadonlyAccountTypes: checking package com.google.android.gms, account type com.google, parser android.content.res.XmlBlock$Parser@852836c
07-01 22:20:18.938 14413 14413 W Monkey  :  arg: "-p"
07-01 22:20:18.938 14413 14413 W Monkey  :  arg: "com.voicetextnote.app"
07-01 22:20:18.938 14413 14413 W Monkey  :  arg: "-c"
07-01 22:20:18.938 14413 14413 W Monkey  :  arg: "android.intent.category.LAUNCHER"
07-01 22:20:18.938 14413 14413 W Monkey  :  arg: "1"
07-01 22:20:18.938 14413 14413 W Monkey  : data="com.voicetextnote.app"
07-01 22:20:18.939 14413 14413 W Monkey  : data="android.intent.category.LAUNCHER"
07-01 22:20:18.940 14443 14473 D SyncAccountUtils: queryReadonlyAccountTypes: checking package org.telegram.messenger, account type org.telegram.messenger, parser android.content.res.XmlBlock$Parser@31af5ca
07-01 22:20:18.940  2064  2188 D CompatibilityInfo: mCompatibilityFlags - 0
07-01 22:20:18.940  2064  2188 D CompatibilityInfo: applicationDensity - 440
07-01 22:20:18.940  2064  2188 D CompatibilityInfo: applicationScale - 1.0
07-01 22:20:18.945  2064  6892 D CompatibilityChangeReporter: Compat change id reported: 171306433; UID 10007; state: ENABLED
07-01 22:20:18.948 14443 14473 D SyncAccountUtils: queryReadonlyAccountTypes: checking package com.whatsapp, account type com.whatsapp, parser android.content.res.XmlBlock$Parser@f9a6a58
07-01 22:20:18.950 14443 14473 D SyncAccountUtils: queryReadonlyAccountTypes: checking package com.google.android.gm, account type com.google.android.gm.exchange, parser null
07-01 22:20:18.951 14443 14473 D SyncAccountUtils: queryReadonlyAccountTypes: checking package com.xiaomi.account, account type com.xiaomi, parser null
07-01 22:20:18.951 14443 14473 D SyncAccountUtils: queryReadonlyAccountTypes: [ALL] org.thoughtcrime.securesms, com.google, org.telegram.messenger, com.whatsapp
07-01 22:20:18.951 14443 14473 D SyncAccountUtils: queryReadonlyAccountTypes: [FINAL] org.thoughtcrime.securesms, org.telegram.messenger, com.whatsapp
07-01 22:20:18.951 14443 14473 V ContactsTaskScheduler: [ContactsProvider2] Thread[Worker-1,5,main] dispatching end 3
07-01 22:20:18.951 14443 14473 V ContactsTaskScheduler: [ContactsProvider2] Thread[Worker-1,5,main] dispatching 4
07-01 22:20:18.952 14443 14473 V ContactsTaskScheduler: [ContactsProvider2] Thread[Worker-1,5,main] dispatching end 4
07-01 22:20:18.952 14443 14473 V ContactsTaskScheduler: [ContactsProvider2] Thread[Worker-1,5,main] dispatching 5
07-01 22:20:18.953 14443 14473 V ContactsTaskScheduler: [ContactsProvider2] Thread[Worker-1,5,main] dispatching end 5
07-01 22:20:18.953 14443 14473 V ContactsTaskScheduler: [ContactsProvider2] Thread[Worker-1,5,main] dispatching 6
07-01 22:20:18.953 14443 14473 V ContactsTaskScheduler: [ContactsProvider2] Thread[Worker-1,5,main] dispatching end 6
07-01 22:20:18.953 14443 14473 V ContactsTaskScheduler: [ContactsProvider2] Thread[Worker-1,5,main] dispatching 7
07-01 22:20:18.953 14443 14473 V ContactsTaskScheduler: [ContactsProvider2] Thread[Worker-1,5,main] dispatching end 7
07-01 22:20:18.953 14443 14473 V ContactsTaskScheduler: [ContactsProvider2] Thread[Worker-1,5,main] dispatching 1
07-01 22:20:18.953 14443 14473 V ContactsTaskScheduler: [ContactsProvider2] Thread[Worker-1,5,main] dispatching end 1
07-01 22:20:18.953 14443 14473 V ContactsTaskScheduler: [ContactsProvider2] Thread[Worker-1,5,main] dispatching 10
07-01 22:20:18.960 14443 14473 V ContactsTaskScheduler: [ContactsProvider2] Thread[Worker-1,5,main] dispatching end 10
07-01 22:20:18.960 14443 14473 V ContactsTaskScheduler: [ContactsProvider2] Thread[Worker-1,5,main] dispatching 11
07-01 22:20:18.962 14443 14473 V ContactsTaskScheduler: [ContactsProvider2] Thread[Worker-1,5,main] dispatching end 11
07-01 22:20:18.962 14443 14473 V ContactsTaskScheduler: [ContactsProvider2] Thread[Worker-1,5,main] dispatching 101
07-01 22:20:18.962 14443 14473 D MiuiContactsProvider: rebuildPhoneLookupMinMatch: isMTK = false
07-01 22:20:18.962 14443 14473 V ContactsTaskScheduler: [ContactsProvider2] Thread[Worker-1,5,main] dispatching end 101
07-01 22:20:19.078  2064  2363 D CompatibilityInfo: mCompatibilityFlags - 0
07-01 22:20:19.078  2064  2363 D CompatibilityInfo: applicationDensity - 440
07-01 22:20:19.078  2064  2363 D CompatibilityInfo: applicationScale - 1.0
07-01 22:20:19.088  2064  2363 W BroadcastQueue: Skipping deliver [background] BroadcastRecord{c143638 u-1 android.net.conn.CONNECTIVITY_CHANGE} to ReceiverList{4705611 14413 (unknown name)/2000/u-1 remote:c8226aa}: process gone or crashing
07-01 22:20:19.114  2064  6892 I ActivityTaskManager: START u0 {act=android.intent.action.MAIN cat=[android.intent.category.LAUNCHER] flg=0x10200000 cmp=com.voicetextnote.app/.MainActivity} from uid 2000 from pid 14413 callingPackage com.android.shell
07-01 22:20:19.121 14443 14454 I ContactsProvider: Contacts query: CPID=14399, CallingPackage = com.whatsapp User=0
07-01 22:20:19.121  1239  1327 E ANDR-PERF-LM: MetaMeter: handleAsync() 166: AdaptLaunch Invalid Async
07-01 22:20:19.122  1239  4241 E ANDR-PERF-LM: ThreadHelper: thread_callback() 145: More than one pending updates!!! This should not happen. MeterMgr should avoid this case.
07-01 22:20:19.122  1239  1327 E ANDR-PERF-LM: MetaMeter: handleAsync() 166: AdaptLaunch Invalid Async
07-01 22:20:19.124  3177  9063 I SarService: Receiver polling >>>> Change receiver mode: off
07-01 22:20:19.139  2064  6892 E ANDR-PERF-JNI: com_qualcomm_qtiperformance_native_perf_io_prefetch_start
07-01 22:20:19.150  2064  6892 W ActivityTaskManager: Can't find TaskDisplayArea to determine support for multi window. Task id=146 attached=false
07-01 22:20:19.151  2064  6892 V ActivityTaskManager: onConfigurationChanged overrideWindowingMode = 0 prevWindowingMode = 0 isEnterFreeformMode = false isEnterFreeformMode = false isOutFreeformMode = false alreadySetFreeformBounds = false
07-01 22:20:19.152  1235  4225 E ANDR-IOP: io prefetch is disabled
07-01 22:20:19.159  2064  6892 D CompatibilityChangeReporter: Compat change id reported: 174042980; UID 10432; state: DISABLED
07-01 22:20:19.160  2064  6892 D CompatibilityChangeReporter: Compat change id reported: 184838306; UID 10432; state: DISABLED
07-01 22:20:19.161  2064  6892 D CompatibilityChangeReporter: Compat change id reported: 185004937; UID 10432; state: DISABLED
07-01 22:20:19.162  2064  2581 I MiuiNetworkPolicy: updateUidState uid = 10075, uidState = 10
07-01 22:20:19.162  2064  2581 I MiuiNetworkPolicy: updateUidState uid = 10007, uidState = 10
07-01 22:20:19.162  2064  6892 D CompatibilityChangeReporter: Compat change id reported: 181136395; UID 10432; state: DISABLED
07-01 22:20:19.163  2064  6892 D CompatibilityChangeReporter: Compat change id reported: 174042936; UID 10432; state: DISABLED
07-01 22:20:19.167  2064  6892 D CompatibilityChangeReporter: Compat change id reported: 168419799; UID 10432; state: DISABLED
07-01 22:20:19.167  2064  6892 D CompatibilityInfo: mCompatibilityFlags - 0
07-01 22:20:19.167  2064  6892 D CompatibilityInfo: applicationDensity - 440
07-01 22:20:19.167  2064  6892 D CompatibilityInfo: applicationScale - 1.0
07-01 22:20:19.169  2064  6892 D ActivityTrigger: ActivityTrigger activityPauseTrigger
07-01 22:20:19.173 14413 14413 I Monkey  : Events injected: 1
07-01 22:20:19.174  3215  3215 D OneHandedController: stopOneHanded state isTransitioning or STATE_NONE
07-01 22:20:19.178  3215  3408 D TaskSnapshot_Helper: SYS is normal.
07-01 22:20:19.190  3217  3259 D TaskStackChangeListeners: onTaskDisplayChanged =  taskId = 146 newDisplayId = 0
07-01 22:20:19.191  3215  3215 D OneHandedController: stopOneHanded state isTransitioning or STATE_NONE
07-01 22:20:19.193  2064  2581 I MiuiNetworkPolicy: updateUidState uid = 10007, uidState = 8
07-01 22:20:19.197  2064  2188 D CompatibilityInfo: mCompatibilityFlags - 0
07-01 22:20:19.197  2064  2188 D CompatibilityInfo: applicationDensity - 440
07-01 22:20:19.197  2064  2188 D CompatibilityInfo: applicationScale - 1.0
07-01 22:20:19.206 14413 14413 I Monkey  : ## Network stats: elapsed time=85ms (0ms mobile, 0ms wifi, 85ms not connected)
07-01 22:20:19.207 14413 14413 I app_process: System.exit called, status: 0
07-01 22:20:19.207 14413 14413 I AndroidRuntime: VM exiting with result code 0.
07-01 22:20:19.209  2064  2581 I MiuiNetworkPolicy: updateUidState uid = 10075, uidState = 8
07-01 22:20:19.209  2064  3400 I WindowManagerService: Physical orientation not applied, rotation=0
07-01 22:20:19.213  2064  2349 D CompatibilityChangeReporter: Compat change id reported: 135634846; UID 10432; state: DISABLED
07-01 22:20:19.213  2064  2349 D CompatibilityChangeReporter: Compat change id reported: 177438394; UID 10432; state: DISABLED
07-01 22:20:19.213  2064  2349 D CompatibilityChangeReporter: Compat change id reported: 135772972; UID 10432; state: DISABLED
07-01 22:20:19.213  2064  2349 D CompatibilityChangeReporter: Compat change id reported: 135754954; UID 10432; state: ENABLED
07-01 22:20:19.219  3215  3215 D OneHandedController: stopOneHanded state isTransitioning or STATE_NONE
07-01 22:20:19.224  2064  2364 D CompatibilityChangeReporter: Compat change id reported: 143937733; UID 10432; state: ENABLED
07-01 22:20:19.244  1080  1080 D Zygote  : Forked child process 14540
07-01 22:20:19.245  2064  2364 D Boost   : hostingType=pre-top-activity, hostingName={com.voicetextnote.app/com.voicetextnote.app.MainActivity}, callerPackage=others, isSystem=true, isBoostNeeded=false.
07-01 22:20:19.245  2064  2364 I ActivityManager: Start proc 14540:com.voicetextnote.app/u0a432 for pre-top-activity {com.voicetextnote.app/com.voicetextnote.app.MainActivity} caller=others
07-01 22:20:19.246  1239  1327 E ANDR-PERF-LM: MetaMeter: handleAsync() 166: AdaptLaunch Invalid Async
07-01 22:20:19.246  1239  4241 E ANDR-PERF-LM: ThreadHelper: thread_callback() 145: More than one pending updates!!! This should not happen. MeterMgr should avoid this case.
07-01 22:20:19.252  3217  3217 D Launcher.Lifecycle: onPause:UserHandle{0},2eecfe9,true
07-01 22:20:19.252  3217  3217 D Launcher_UnlockAnimationStateMachine: onPause = IDLE
07-01 22:20:19.257  2064  2581 I MiuiNetworkPolicy: updateUidState uid = 10075, uidState = 10
07-01 22:20:19.257  2064  2581 I MiuiNetworkPolicy: updateUidState uid = 10007, uidState = 10
07-01 22:20:19.259  3217  3217 D Launcher_UnlockAnimationStateMachine: setState:PAUSE_WAIT
07-01 22:20:19.267 14540 14540 I icetextnote.ap: Using CollectorTypeCC GC.
07-01 22:20:19.274 14540 14540 D ProcessState: Binder ioctl to enable oneway spam detection failed: Invalid argument
07-01 22:20:19.277 14540 14540 I MessageMonitor: Load libmiui_runtime
07-01 22:20:19.280  1239  1327 E ANDR-PERF-LM: MetaMeter: handleAsync() 166: AdaptLaunch Invalid Async
07-01 22:20:19.281  2064  6892 D CompatibilityInfo: mCompatibilityFlags - 0
07-01 22:20:19.282  2064  6892 D CompatibilityInfo: applicationDensity - 440
07-01 22:20:19.282  2064  6892 D CompatibilityInfo: applicationScale - 1.0
07-01 22:20:19.288  2064  6892 I ActivityTaskManager: The Process com.voicetextnote.app Already Exists in BG. So sending its PID: 14540
07-01 22:20:19.288  3217  3217 W Activity: PerfMonitor: Slow Operation: Activity com.miui.home/.launcher.Launcher onPause took 87ms
07-01 22:20:19.289  1239  1327 E ANDR-PERF-LM: MetaMeter: handleAsync() 166: AdaptLaunch Invalid Async
07-01 22:20:19.294  2064  6892 D WindowManager: Input focus has changed to null display=0 updateInputWindows = false
07-01 22:20:19.303  2064  2581 I MiuiNetworkPolicy: updateUidState uid = 10432, uidState = 19
07-01 22:20:19.304  1239  1327 W ANDR-PERF-LM: MetaMeter: handlePrimaryAsync() 118: AdaptLaunch MetaMeter. No MeterMgr Available to handle this Primary Async. !!!!
07-01 22:20:19.304  1239  1327 W ANDR-PERF-LM: MetaMeter: handlePrimaryAsync() 118: AdaptLaunch MetaMeter. No MeterMgr Available to handle this Primary Async. !!!!
07-01 22:20:19.309  2064  3400 I ActivityTaskManager: The Process com.voicetextnote.app Already Exists in BG. So sending its PID: 14540
07-01 22:20:19.310 14540 14540 D CompatibilityChangeReporter: Compat change id reported: 171979766; UID 10432; state: ENABLED
07-01 22:20:19.312  1239  1327 E ANDR-PERF-LM: MetaMeter: handleAsync() 166: AdaptLaunch Invalid Async
07-01 22:20:19.314  2064  2780 D PackageManager: set app  component=com.facebook.services/com.facebook.oxygen.services.fbns.RegisteredMqttSystemBroadcastReceiver enabled state: 1 from null,uid=10090,pid=9373
07-01 22:20:19.315  2064  3400 D CompatibilityInfo: mCompatibilityFlags - 0
07-01 22:20:19.315  2064  3400 D CompatibilityInfo: applicationDensity - 440
07-01 22:20:19.315  2064  3400 D CompatibilityInfo: applicationScale - 1.0
07-01 22:20:19.314  6923 20102 W MQSService: CallerName:com.voicetextnote.app,calling Uid:10432
07-01 22:20:19.315  6923 20102 D MQSService: registerApplicationScoutThread pid = 14540, packageName = com.voicetextnote.app
07-01 22:20:19.325  3177  9063 I SarService: Receiver polling >>>> Change receiver mode: off
07-01 22:20:19.329  2064  2358 D ATMSInjector: Begin to report package foreground events...
07-01 22:20:19.330  3217  3528 D AppObserver: ForegroundInfo{mForegroundPackageName='com.voicetextnote.app', mForegroundUid=10432, mForegroundPid=14540, mLastForegroundPackageName='com.miui.home', mLastForegroundUid=10102, mLastForegroundPid=3217, mMultiWindowForegroundPackageName='com.voicetextnote.app', mMultiWindowForegroundUid=10432, mFlags=0}
07-01 22:20:19.331  2064  6892 I WindowManagerService: Physical orientation not applied, rotation=0
07-01 22:20:19.331  9629  9906 D LS-ForegroundStatusManager: handleMessage ForegroundInfoChanged. pkg = com.voicetextnote.app, uid = 10432, mCurrentForegroundUid = 10102
07-01 22:20:19.331  7440  8037 I ProcessMonitor: onForegroundInfoChanged: ForegroundInfo{mForegroundPackageName='com.voicetextnote.app', mForegroundUid=10432, mForegroundPid=14540, mLastForegroundPackageName='com.miui.home', mLastForegroundUid=10102, mLastForegroundPid=3217, mMultiWindowForegroundPackageName='com.voicetextnote.app', mMultiWindowForegroundUid=10432, mFlags=0}
07-01 22:20:19.333  9629  9751 I ThermalInfoCollector: collectForgroundAppsInfo: com.miui.home
07-01 22:20:19.333 17753 17753 I caqh    : (REDACTED) onApplyWindowInsets: systemWindowInsets=%s
07-01 22:20:19.333 17753 17753 I caqh    : (REDACTED) onApplyWindowInsets: systemWindowInsets=%s
07-01 22:20:19.338 22231 23810 I enyd    : (REDACTED) HDM. appOpsListener %s %s
07-01 22:20:19.338 22231 23810 I enyd    : (REDACTED) HDM. Ignoring irrelevant audio permission changes for package %s
07-01 22:20:19.338  2064  2581 I MiuiNetworkPolicy: updateUidState uid = 10432, uidState = 2
07-01 22:20:19.339  9629  9906 D LS-ForegroundStatusManager: onForegroundChanged mCurrentForegroundUid = 10102, new uid = 10432
07-01 22:20:19.340  2064  2347 D Aurogon :  uid = 10432 switch to FG
07-01 22:20:19.340 13523 16848 D ProcessObserverV10: onForegroundActivitiesChanged:pid = 14540,activity-uid=10432,foregroundActivities=true
07-01 22:20:19.340  2064  2347 D NetworkManagement: failed to update firewall rulle!
07-01 22:20:19.341 14540 14554 D AppScoutStateMachine: 14540-ScoutStateMachinecreated
07-01 22:20:19.344  2064  2349 W ProcessStats: Tracking association SourceState{6c3eb2d com.google.android.googlequicksearchbox:googleapp/10195 BTopFgs #1083508} whose proc state 2 is better than process ProcessState{f4f82ee com.google.android.gms.persistent/10188 pkg=com.google.android.gms} proc state 3 (13 skipped)
07-01 22:20:19.345  2064  2581 I MiuiNetworkPolicy: updateUidState uid = 10195, uidState = 5
07-01 22:20:19.346  2064  2581 I MiuiNetworkPolicy: updateUidState uid = 10188, uidState = 4
07-01 22:20:19.346  2064  2581 I MiuiNetworkPolicy: updateUidState uid = 10185, uidState = 5
07-01 22:20:19.346  2064  2581 I MiuiNetworkPolicy: updateUidState uid = 10150, uidState = 4
07-01 22:20:19.346  2064  2581 I MiuiNetworkPolicy: updateUidState uid = 10102, uidState = 5
07-01 22:20:19.361  9634  9984 I GST     : forePkg: com.voicetextnote.app, preForePkg: com.miui.home
07-01 22:20:19.365  7440  8037 I GameBoosterService: onForegroundInfoChanged: Cur=com.voicetextnote.app	 last=com.miui.home
07-01 22:20:19.368  9629  9918 D ThermalIECHandler: IECAll48Allowed: false; IECMonitorAllowed: false; IECTestState: false
07-01 22:20:19.369  9629  9641 D PerfEngineController: ForegroundInfo{mForegroundPackageName='com.voicetextnote.app', mForegroundUid=10432, mForegroundPid=14540, mLastForegroundPackageName='com.miui.home', mLastForegroundUid=10102, mLastForegroundPid=3217, mMultiWindowForegroundPackageName='com.voicetextnote.app', mMultiWindowForegroundUid=10432, mFlags=0}
07-01 22:20:19.369 14540 14540 D nativeloader: Configuring clns-4 for other apk /apex/com.android.extservices/javalib/android.ext.adservices.jar. target_sdk_version=35, uses_libraries=ALL, library_path=/data/app/~~kXzqWat4VbyahLf6L0GfVg==/com.voicetextnote.app-VhofbO5prNAeYe8yXUu5dg==/lib/arm64:/data/app/~~kXzqWat4VbyahLf6L0GfVg==/com.voicetextnote.app-VhofbO5prNAeYe8yXUu5dg==/base.apk!/lib/arm64-v8a, permitted_path=/data:/mnt/expand:/data/user/0/com.voicetextnote.app
07-01 22:20:19.369 14540 14540 D nativeloader: Extending system_exposed_libraries: libvraudio_client.qti.so:libbinauralrenderer_wrapper.qti.so:libhoaeffects.qti.so:libQOC.qti.so:libcamera_algoup_jni.xiaomi.so:libcamera_mianode_jni.xiaomi.so:libupdateprof.qti.so:libthermalclient.qti.so:libQOC.qti.so:libdiag_system.qti.so:libqape.qti.so:libqesdk_ndk_platform.qti.so:liblistenjni.qti.so
07-01 22:20:19.370  7440  8037 I FreeformWindowUtils: has app list!
07-01 22:20:19.370  7440  8037 D GameBoosterService: onGameStatusChange foreground:ForegroundInfo{mForegroundPackageName='com.voicetextnote.app', mForegroundUid=10432, mForegroundPid=14540, mLastForegroundPackageName='com.miui.home', mLastForegroundUid=10102, mLastForegroundPid=3217, mMultiWindowForegroundPackageName='com.voicetextnote.app', mMultiWindowForegroundUid=10432, mFlags=0}
07-01 22:20:19.372 14540 14540 D nativeloader: InitApexLibraries:
07-01 22:20:19.372 14540 14540 D nativeloader:   com_android_appsearch: libicing.so
07-01 22:20:19.372 14540 14540 D nativeloader:   com_android_art: libartservice.so
07-01 22:20:19.372 14540 14540 D nativeloader:   com_android_conscrypt: libjavacrypto.so
07-01 22:20:19.372 14540 14540 D nativeloader:   com_android_extservices: libtflite_support_classifiers_native.so
07-01 22:20:19.372 14540 14540 D nativeloader:   com_android_mediaprovider: libpdfclient.so
07-01 22:20:19.372 14540 14540 D nativeloader:   com_android_os_statsd: libstats_jni.so
07-01 22:20:19.372 14540 14540 D nativeloader:   com_android_tethering: libandroid_net_connectivity_com_android_net_module_util_jni.so:libandroid_net_connectivity_com_android_net_module_util_jni_CommonConnectivityJni.so:libframework-connectivity-jni.so:libframework-connectivity-tiramisu-jni.so:libmainlinecronet.141.0.7340.3.so:libservice-connectivity.so:libservice-thread-jni.so:stable_cronet_libcrypto.so:stable_cronet_libssl.so
07-01 22:20:19.354  1239  1239 W /vendor/bin/hw/vendor.qti.hardware.perf@2.2-service: type=1400 audit(0.0:230521): avc: denied { search } for comm=41646170744C61756E636820566D name="2349" dev="proc" ino=8782065 scontext=u:r:vendor_hal_perf_default:s0 tcontext=u:r:system_server:s0 tclass=dir permissive=0
07-01 22:20:19.364  1239  1239 W /vendor/bin/hw/vendor.qti.hardware.perf@2.2-service: type=1400 audit(0.0:230522): avc: denied { search } for comm=41646170744C61756E636820566D name="2350" dev="proc" ino=8782066 scontext=u:r:vendor_hal_perf_default:s0 tcontext=u:r:system_server:s0 tclass=dir permissive=0
07-01 22:20:19.364  1239  1239 W /vendor/bin/hw/vendor.qti.hardware.perf@2.2-service: type=1400 audit(0.0:230523): avc: denied { search } for comm=41646170744C61756E636820566D name="2351" dev="proc" ino=8782067 scontext=u:r:vendor_hal_perf_default:s0 tcontext=u:r:system_server:s0 tclass=dir permissive=0
07-01 22:20:19.364  1239  1239 W /vendor/bin/hw/vendor.qti.hardware.perf@2.2-service: type=1400 audit(0.0:230524): avc: denied { search } for comm=41646170744C61756E636820566D name="2555" dev="proc" ino=8782068 scontext=u:r:vendor_hal_perf_default:s0 tcontext=u:r:system_server:s0 tclass=dir permissive=0
07-01 22:20:19.364  1239  1239 W /vendor/bin/hw/vendor.qti.hardware.perf@2.2-service: type=1400 audit(0.0:230525): avc: denied { search } for comm=41646170744C61756E636820566D name="2349" dev="proc" ino=8782065 scontext=u:r:vendor_hal_perf_default:s0 tcontext=u:r:system_server:s0 tclass=dir permissive=0
07-01 22:20:19.382  7440  8037 I VideoBoxUtils: isSupportVideoBox: false
07-01 22:20:19.383  9629  9918 D ThermalIECHandler: storeDataStyle: thermal_iec_monitor_persistence_data_style_iec_state; startIECTime: -1; IECScreenOffOverPeriodTime: 1308740522
07-01 22:20:19.384  9629  9918 D ThermalIECHandler: storeDataStyle: thermal_iec_monitor_persistence_data_style_iec_state; startIECTime: -1; IECScreenOffOverPeriodTime: 1308740522
07-01 22:20:19.385 17753 17753 I caww    : onPause
07-01 22:20:19.395  7440  8037 I VideoToolBoxService: vtb is closed!!!
07-01 22:20:19.405 14540 14540 D nativeloader: Configuring clns-5 for other apk /data/app/~~kXzqWat4VbyahLf6L0GfVg==/com.voicetextnote.app-VhofbO5prNAeYe8yXUu5dg==/base.apk. target_sdk_version=35, uses_libraries=, library_path=/data/app/~~kXzqWat4VbyahLf6L0GfVg==/com.voicetextnote.app-VhofbO5prNAeYe8yXUu5dg==/lib/arm64:/data/app/~~kXzqWat4VbyahLf6L0GfVg==/com.voicetextnote.app-VhofbO5prNAeYe8yXUu5dg==/base.apk!/lib/arm64-v8a, permitted_path=/data:/mnt/expand:/data/user/0/com.voicetextnote.app
07-01 22:20:19.405 17753 17753 W dqtc    : measuring already stopped.
07-01 22:20:19.411  2064  6888 D ActivityManager: report kill process: killerPid is:14324, killedPid is:14324
07-01 22:20:19.411 14324 14324 I Process : Sending signal. PID: 14324 SIG: 9
07-01 22:20:19.411 14540 14540 I Perf    : Connecting to perf service.
07-01 22:20:19.413  3217  3217 D Launcher.Lifecycle: onWindowFocusChanged:false,UserHandle{0},2eecfe9,true
07-01 22:20:19.414  3217  3217 D DecorView[]: onWindowFocusChanged hasWindowFocus false
07-01 22:20:19.415 14540 14540 V GraphicsEnvironment: ANGLE Developer option for 'com.voicetextnote.app' set to: 'default'
07-01 22:20:19.415 14540 14540 V GraphicsEnvironment: Neither updatable production driver nor prerelease driver is supported.
07-01 22:20:19.417 14540 14540 I ForceDarkHelperStubImpl: initialize for com.voicetextnote.app , ForceDarkOrigin
07-01 22:20:19.418 14540 14540 D nativeloader: Load libforcedarkimpl.so using system ns (caller=/system/framework/miui-framework.jar): ok
07-01 22:20:19.419 14540 14540 D OpenGLRenderer: JNI_OnLoad success
07-01 22:20:19.419 14540 14540 I MiuiForceDarkConfig: setConfig density:2.750000, mainRule:0, secondaryRule:0, tertiaryRule:0
07-01 22:20:19.419  3217  3528 D RecentsModel: onTaskStackChangedBackground
07-01 22:20:19.419  3217  3546 D RecentsModel: onTaskStackChangedBackground    MSG_TASK_STACK_CHANGE
07-01 22:20:19.419  3217  3546 D RecentsModel: preloadRecents
07-01 22:20:19.419  3217  3546 W RecentsModel: getRunningTask
07-01 22:20:19.419 14540 14540 D NetworkSecurityConfig: Using Network Security Config from resource network_security_config debugBuild: false
07-01 22:20:19.419  7440  8037 I SCTaskStackListener: onTaskStackChanged! inSplit = false
07-01 22:20:19.420  9629  9641 I MultiScreenObserver: onTaskStackChanged, splitScreenMode: false isCameraFloat: false isSmallScreen: false
07-01 22:20:19.420 14540 14540 D NetworkSecurityConfig: Using Network Security Config from resource network_security_config debugBuild: false
07-01 22:20:19.420  7440 12155 I SCTaskStackListener: onTaskStackChanged! inSplit = false
07-01 22:20:19.426 14540 14540 I FirebaseApp: Device unlocked: initializing all Firebase APIs for app [DEFAULT]
07-01 22:20:19.427  3217  3217 D Launcher.Lifecycle: onStop:UserHandle{0},2eecfe9,false
07-01 22:20:19.427  3217  3217 D Launcher_UnlockAnimationStateMachine: onStop = PAUSE_WAIT
07-01 22:20:19.430 17753 17753 I caww    : onStop
07-01 22:20:19.433  3217  3546 W RecentsModel: getRunningTask   taskInfo=TaskInfo{userId=0 taskId=146 displayId=0 isRunning=true baseIntent=Intent { act=android.intent.action.MAIN cat=[android.intent.category.LAUNCHER] flg=0x10200000 cmp=com.voicetextnote.app/.MainActivity } baseActivity=ComponentInfo{com.voicetextnote.app/com.voicetextnote.app.MainActivity} topActivity=ComponentInfo{com.voicetextnote.app/com.voicetextnote.app.MainActivity} origActivity=null realActivity=ComponentInfo{com.voicetextnote.app/com.voicetextnote.app.MainActivity} numActivities=1 lastActiveTime=1310290268 supportsSplitScreenMultiWindow=true supportsMultiWindow=true resizeMode=1 isResizeable=true token=WCT{android.window.IWindowContainerToken$Stub$Proxy@c61c3a8} topActivityType=1 pictureInPictureParams=PictureInPictureParams( aspectRatio=null sourceRectHint=null hasSetActions=false isAutoPipEnabled=false isSeamlessResizeEnabled=true) displayCutoutSafeInsets=null topActivityInfo=ActivityInfo{b2daec1 com.voicetextnote.app.MainActivity} launchCookies=[] positionInParent=Point(0, 0) parentTaskId=-1 isFocused=false isVisible=true topActivityInSizeCompat=false locusId= null windowMode=0}
07-01 22:20:19.433  3217  3546 W RecentsModel: getTaskInfoIgnoreHomeAndFreeform   taskInfo=ComponentInfo{com.voicetextnote.app/com.voicetextnote.app.MainActivity}
07-01 22:20:19.433  3217  3546 E ActivityManagerWrapper: get all recent tasks force including 146
07-01 22:20:19.434  3217  3546 E ActivityManagerWrapper: getRecentTasks: size=2
07-01 22:20:19.434  3217  3546 E ActivityManagerWrapper: getRecentTasks: taskId=146   userId=0   baseIntent=Intent { act=android.intent.action.MAIN flag=270532608 cmp=ComponentInfo{com.voicetextnote.app/com.voicetextnote.app.MainActivity} }
07-01 22:20:19.434  3217  3546 E ActivityManagerWrapper: getRecentTasks: taskId=145   userId=0   baseIntent=Intent { act=android.intent.action.VIEW flag=268435456 cmp=ComponentInfo{com.voicetextnote.app/com.voicetextnote.app.MainActivity} }
07-01 22:20:19.438 14540 14540 I FirebaseInitProvider: FirebaseApp initialization successful
07-01 22:20:19.438 14540 14540 D FLTFireContextHolder: received application context.
07-01 22:20:19.447  2064  6892 I WindowManagerService: Physical orientation not applied, rotation=0
07-01 22:20:19.451  2064  2581 I MiuiNetworkPolicy: updateUidState uid = 10188, uidState = 3
07-01 22:20:19.452  2064  2188 D CompatibilityInfo: mCompatibilityFlags - 0
07-01 22:20:19.452  2064  2188 D CompatibilityInfo: applicationDensity - 440
07-01 22:20:19.452  2064  2188 D CompatibilityInfo: applicationScale - 1.0
07-01 22:20:19.455  2064  2347 D Aurogon :  uid = 10102 switch to BG
07-01 22:20:19.456 13523 16848 D ProcessObserverV10: onForegroundActivitiesChanged:pid = 3217,activity-uid=10102,foregroundActivities=false
07-01 22:20:19.469 14540 14560 W icetextnote.ap: ClassLoaderContext classpath size mismatch. expected=1, found=0 (DLC[];PCL[base.apk*591061798]{PCL[/system/framework/org.apache.http.legacy.jar*2058259661]#PCL[/apex/com.android.extservices/javalib/android.ext.adservices.jar*3839736497]#PCL[/system/framework/com.android.location.provider.jar*3633238672]#PCL[/system/framework/com.android.media.remotedisplay.jar*3472798123]#PCL[/apex/com.android.extservices/javalib/android.ext.adservices.jar*3839736497]} | DLC[];PCL[])
07-01 22:20:19.475 14540 14560 I DynamiteModule: Considering local module com.google.android.gms.measurement.dynamite:152 and remote module com.google.android.gms.measurement.dynamite:197
07-01 22:20:19.475 14540 14560 I DynamiteModule: Selected remote version of com.google.android.gms.measurement.dynamite, version >= 197
07-01 22:20:19.475 14540 14560 V DynamiteModule: Dynamite loader version >= 2, using loadModule2NoCrashUtils
07-01 22:20:19.476  2064  7770 I ActivityManager: Process com.xiaomi.smarthome:acp (pid 14324) has died: cch+5 CEM
07-01 22:20:19.477  2064  2365 I libprocessgroup: Successfully killed process cgroup uid 10394 pid 14324 in 0ms
07-01 22:20:19.477  2064  7770 D ActivityManagerServiceImpl: Service controller is not enabled.
07-01 22:20:19.478  2064  7770 D ProcessRecordInjector: Finishing reporting clean up app record.
07-01 22:20:19.479  1080  1080 I Zygote  : Process 14324 exited due to signal 9 (Killed)
07-01 22:20:19.481  2064  2581 I MiuiNetworkPolicy: updateUidState uid = 10394, uidState = 10
07-01 22:20:19.484 13523 16848 D ProcessObserverV10: onProcessDied:pid = 14324,died-uid=10394
07-01 22:20:19.489 14540 14577 D nativeloader: Load /data/app/~~kXzqWat4VbyahLf6L0GfVg==/com.voicetextnote.app-VhofbO5prNAeYe8yXUu5dg==/base.apk!/lib/arm64-v8a/libflutter.so using class loader ns clns-5 (caller=/data/app/~~kXzqWat4VbyahLf6L0GfVg==/com.voicetextnote.app-VhofbO5prNAeYe8yXUu5dg==/base.apk!classes3.dex): ok
07-01 22:20:19.494 14540 14578 D skia    : [SkFontMgr Android Parser] '/product/etc/fonts_customization.xml' could not be opened
07-01 22:20:19.495  8803  8803 I GoogleTTSServiceImpl: Cache enabled: true
07-01 22:20:19.495  8803  8803 I LocalSynthesizer: #onTrimMemory
07-01 22:20:19.498 11869 11869 I Finsky  : [2] Memory trim requested to level 10
07-01 22:20:19.499 11754 11754 I Finsky:background: [2] Memory trim requested to level 40
07-01 22:20:19.502  2064  2581 I MiuiNetworkPolicy: updateUidState uid = 10394, uidState = 19
07-01 22:20:19.505 14540 14560 W System  : ClassLoader referenced unknown path:
07-01 22:20:19.505 14540 14560 D nativeloader: Configuring clns-6 for other apk . target_sdk_version=37, uses_libraries=, library_path=/data/app/~~mRL0eJhPk8k0b1ZhCdwU0g==/com.google.android.gms-8mPIRY2EjbzvAAsZmj7g4w==/lib/arm64:/data/app/~~mRL0eJhPk8k0b1ZhCdwU0g==/com.google.android.gms-8mPIRY2EjbzvAAsZmj7g4w==/base.apk!/lib/arm64-v8a, permitted_path=/data:/mnt/expand:/data/user/0/com.google.android.gms
07-01 22:20:19.507 28525 28525 I AppBase : AppBase.onTrimMemory():280 onTrimMemory(): 10
07-01 22:20:19.507 28525 28525 I KeyboardDefCache: MemoryFileCache$1.onTrimMemory():124 clearMemory() for trim memory: 10
07-01 22:20:19.507 28525 28525 I KeyboardDefCache: MemoryFileCache.clearMemory():408 evictAll()
07-01 22:20:19.507 28525 28525 I GoogleInputMethodService: GoogleInputMethodService.onTrimMemory():3019 onTrimMemory(): 10
07-01 22:20:19.513  3217  3284 D StatusBarController: handleMessage: flag 800000  disable false
07-01 22:20:19.514  3217  3217 D Launcher_WallpaperUtils: changeStatusBarMode:false
07-01 22:20:19.526  3177  9063 I SarService: Receiver polling >>>> Change receiver mode: off
07-01 22:20:19.534 14540 14560 W icetextnote.ap: ClassLoaderContext classpath element checksum mismatch. expected=591061798, found=2529803145 (DLC[];PCL[base.apk*591061798]{PCL[/system/framework/org.apache.http.legacy.jar*2058259661]#PCL[/apex/com.android.extservices/javalib/android.ext.adservices.jar*3839736497]#PCL[/system/framework/com.android.location.provider.jar*3633238672]#PCL[/system/framework/com.android.media.remotedisplay.jar*3472798123]#PCL[/apex/com.android.extservices/javalib/android.ext.adservices.jar*3839736497]} | DLC[];PCL[/data/app/~~kXzqWat4VbyahLf6L0GfVg==/com.voicetextnote.app-VhofbO5prNAeYe8yXUu5dg==/base.apk*2529803145]{PCL[/apex/com.android.extservices/javalib/android.ext.adservices.jar*3839736497]})
07-01 22:20:19.536 14540 14579 D vulkan  : searching for layers in '/data/app/~~kXzqWat4VbyahLf6L0GfVg==/com.voicetextnote.app-VhofbO5prNAeYe8yXUu5dg==/lib/arm64'
07-01 22:20:19.536 14540 14579 D vulkan  : searching for layers in '/data/app/~~kXzqWat4VbyahLf6L0GfVg==/com.voicetextnote.app-VhofbO5prNAeYe8yXUu5dg==/base.apk!/lib/arm64-v8a'
07-01 22:20:19.555 14540 14579 I AdrenoVK-0: ===== BEGIN DUMP OF OVERRIDDEN SETTINGS =====
07-01 22:20:19.555 14540 14579 I AdrenoVK-0: ===== END DUMP OF OVERRIDDEN SETTINGS =====
07-01 22:20:19.555 14540 14579 I AdrenoVK-0: QUALCOMM build          : 820d4a4028, I5580630f49
07-01 22:20:19.555 14540 14579 I AdrenoVK-0: Build Date              : 11/04/21
07-01 22:20:19.555 14540 14579 I AdrenoVK-0: Shader Compiler Version : EV031.32.02.16
07-01 22:20:19.555 14540 14579 I AdrenoVK-0: Local Branch            :
07-01 22:20:19.555 14540 14579 I AdrenoVK-0: Remote Branch           :
07-01 22:20:19.555 14540 14579 I AdrenoVK-0: Remote Branch           :
07-01 22:20:19.555 14540 14579 I AdrenoVK-0: Reconstruct Branch      :
07-01 22:20:19.555 14540 14579 I AdrenoVK-0: Build Config            : S P 10.0.7 AArch64
07-01 22:20:19.556 14540 14579 I AdrenoVK-0: Driver Path             : /vendor/lib64/hw/vulkan.adreno.so
07-01 22:20:19.558  2064  2581 I MiuiNetworkPolicy: updateUidState uid = 10007, uidState = 10
07-01 22:20:19.560 14540 14540 D FLTFireContextHolder: received application context.
07-01 22:20:19.565 14540 14540 D ViewScrollStubImpl: the value of mScrollFrictionRes is: 0.015
07-01 22:20:19.565 14540 14579 I flutter : [IMPORTANT:flutter/shell/platform/android/android_context_vk_impeller.cc(62)] Using the Impeller rendering backend (Vulkan).
07-01 22:20:19.569 14540 14579 I AdrenoGLES-0: QUALCOMM build                   : 820d4a4028, I5580630f49
07-01 22:20:19.569 14540 14579 I AdrenoGLES-0: Build Date                       : 11/04/21
07-01 22:20:19.569 14540 14579 I AdrenoGLES-0: OpenGL ES Shader Compiler Version: EV031.32.02.16
07-01 22:20:19.569 14540 14579 I AdrenoGLES-0: Local Branch                     :
07-01 22:20:19.569 14540 14579 I AdrenoGLES-0: Remote Branch                    :
07-01 22:20:19.569 14540 14579 I AdrenoGLES-0: Remote Branch                    :
07-01 22:20:19.569 14540 14579 I AdrenoGLES-0: Reconstruct Branch               :
07-01 22:20:19.569 14540 14579 I AdrenoGLES-0: Build Config                     : S P 10.0.7 AArch64
07-01 22:20:19.569 14540 14579 I AdrenoGLES-0: Driver Path                      : /vendor/lib64/egl/libGLESv2_adreno.so
07-01 22:20:19.572 14540 14579 I AdrenoGLES-0: PFP: 0x016ee190, ME: 0x00000000
07-01 22:20:19.580 14540 14579 I flutter : [IMPORTANT:flutter/shell/platform/android/android_context_gl_impeller.cc(104)] Using the Impeller rendering backend (OpenGLES).
07-01 22:20:19.587 14540 14540 D MiuiMultiWindowUtils: freeform resolution args raw data:{  "zizhan":{    "freeform_args": {      "inner":{        "vertical_portrait":{"aspect_ratio":0.626, "original_ratio":0.5643,"original_scale":0.74,"top_margin":0.168,"left_margin":0.484},        "horizontal_portrait":{"aspect_ratio":0.626, "original_ratio":0.5643,"original_scale":0.74,"top_margin":0.1222,"left_margin":0.59745},        "vertical_landscape":{"aspect_ratio":1.6, "original_ratio":1,"original_scale":0.604,"top_margin":0.2596,"left_margin":0.2624},        "horizontal_landscape":{"aspect_ratio":1.6, "original_ratio":1,"original_scale":0.604,"top_margin":0.213,"left_margin":0.3758}      },      "outer":{        "vertical_portrait":{"aspect_ratio":0.626, "original_ratio":1,"original_scale":0.74,"top_margin":0.0753,"left_margin":-1},        "horizontal_portrait":{"aspect_ratio":0.626, "original_ratio":1,"original_scale":0.5756,"top_margin":-1,"left_margin":0.0753},        "vertical_landscape":{"aspect_ratio":1.6, "original_ratio":0.6847,"original_scale":0.587,"top_margin":0.0753,"left_margin":-1},        "horizontal_landscape":{"aspect_ratio":1.6, "original_ratio":0.6847,"original_scale":0.587,"top_margin":-1,"left_margin":0.0753}}    },    "mini_freeform_args":{      "inner":{        "vertical_portrait":{"aspect_ratio":0.626, "original_ratio":0.147},        "horizontal_portrait":{"aspect_ratio":0.626, "original_ratio":0.147},        "vertical_landscape":{"aspect_ratio":1.6, "original_ratio":0.165},        "horizontal_landscape":{"aspect_ratio":1.6, "original_ratio":0.165}      },      "outer":{        "vertical_portrait":{"aspect_ratio":0.626, "original_ratio":0.26},        "horizontal_portrait":{"aspect_ratio":0.626, "original_ratio":0.26},        "vertical_landscape":{"aspect_ratio":1.6, "original_ratio":0.293},        "horizontal_landscape":{"aspect_ratio":1.6, "original_ratio":0.293}}    }  },  "wide_default":{    "freeform_args": {        "vertical_portrait":{"aspect_ratio":0.625, "original_ratio":0.58,"original_scale":0.7574,"top_margin":0.125,"left_margin":-1},        "horizontal_portrait":{"aspect_ratio":0.625, "original_ratio":0.58,"original_scale":0.7574,"top_margin":-1,"left_margin":0.0714},        "vertical_landscape":{"aspect_ratio":1.6, "original_ratio":1,"original_scale":0.5153,"top_margin":0.125,"left_margin":-1},        "horizontal_landscape":{"aspect_ratio":1.6, "original_ratio":1,"original_scale":0.5153,"top_margin":-1,"left_margin":0.0714}    },    "mini_freeform_args":{        "vertical_portrait":{"aspect_ratio":0.5625, "original_ratio":0.144},        "horizontal_portrait":{"aspect_ratio":0.5625, "original_ratio":0.144},        "vertical_landscape":{"aspect_ratio":-1, "original_ratio":0.144},        "horizontal_landscape":{"aspect_ratio":-1, "original_ratio":0.144}    }  },  "narrow_default": {    "freeform_args": {        "vertical_portrait":{"aspect_ratio":0.5625, "original_ratio":1,"original_scale":0.7182,"top_margin":0.142,"left_margin":-1},        "horizontal_portrait":{"aspect_ratio":0.8, "original_ratio":1,"original_scale":0.7182,"top_margin":-1,"left_margin":0.05},        "vertical_landscape":{"aspect_ratio":1.6, "original_ratio":0.6545,"original_scale":0.4473,"top_margin":0.142,"left_margin":-1},        "horizontal_landscape":{"aspect_ratio":1.6, "original_ratio":0.6545,"original_scale":0.4473,"top_margin":-1,"left_margin":0.05}    },    "mini_freeform_args":{        "vertical_portrait":{"aspect_ratio":0.5625, "original_ratio":0.3},        "horizontal_portrait":{"aspect_ratio":0.5625, "original_ratio":0.3},        "vertical_landscape":{"aspect_ratio":1.7778, "original_ratio":0.3},        "horizontal_landscape":{"aspect_ratio":1.7778, "original_ratio":0.3}    }  },  "regular_default": {    "freeform_args": {      "vertical_portrait":{"aspect_ratio":0.625, "original_ratio":1,"original_scale":0.7,"top_margin":0.109,"left_margin":-1},      "horizontal_portrait":{"aspect_ratio":0.6667, "original_ratio":1,"original_scale":0.6102,"top_margin":-1,"left_margin":0.026},      "vertical_landscape":{"aspect_ratio
07-01 22:20:19.587 14540 14540 W System.err: org.json.JSONException: No value for joyeuse
07-01 22:20:19.587 14540 14540 W System.err: 	at org.json.JSONObject.get(JSONObject.java:398)
07-01 22:20:19.587 14540 14540 W System.err: 	at org.json.JSONObject.getJSONObject(JSONObject.java:618)
07-01 22:20:19.587 14540 14540 W System.err: 	at android.util.MiuiMultiWindowUtils.initFreeFormResolutionArgsOfDevice(MiuiMultiWindowUtils.java:1433)
07-01 22:20:19.587 14540 14540 W System.err: 	at android.util.MiuiMultiWindowUtils.initFreeFormResolutionArgs(MiuiMultiWindowUtils.java:1427)
07-01 22:20:19.587 14540 14540 W System.err: 	at android.util.MiuiMultiWindowUtils.<clinit>(MiuiMultiWindowUtils.java:209)
07-01 22:20:19.587 14540 14540 W System.err: 	at com.android.internal.policy.DecorViewMultiWinStubImpl.<init>(DecorViewMultiWinStubImpl.java:19)
07-01 22:20:19.587 14540 14540 W System.err: 	at com.android.internal.policy.DecorViewMultiWinStubImpl$Provider$SINGLETON.<clinit>(DecorViewMultiWinStubImpl$Provider.java:21)
07-01 22:20:19.587 14540 14540 W System.err: 	at com.android.internal.policy.DecorViewMultiWinStubImpl$Provider.provideSingleton(DecorViewMultiWinStubImpl$Provider.java:10)
07-01 22:20:19.587 14540 14540 W System.err: 	at com.android.internal.policy.DecorViewMultiWinStubImpl$Provider.provideSingleton(DecorViewMultiWinStubImpl$Provider.java:8)
07-01 22:20:19.587 14540 14540 W System.err: 	at com.miui.base.MiuiStubRegistry.get(MiuiStubRegistry.java:129)
07-01 22:20:19.587 14540 14540 W System.err: 	at com.miui.base.MiuiStubRegistry.get(MiuiStubRegistry.java:123)
07-01 22:20:19.587 14540 14540 W System.err: 	at com.miui.base.MiuiStubUtil.getInstance(MiuiStubUtil.java:46)
07-01 22:20:19.587 14540 14540 W System.err: 	at com.miui.base.MiuiStubUtil.getImpl(MiuiStubUtil.java:30)
07-01 22:20:19.587 14540 14540 W System.err: 	at com.android.internal.policy.DecorViewMultiWinStub$SingletonHolder.<clinit>(DecorViewMultiWinStub.java:11)
07-01 22:20:19.587 14540 14540 W System.err: 	at com.android.internal.policy.DecorViewMultiWinStub.newInstance(DecorViewMultiWinStub.java:16)
07-01 22:20:19.587 14540 14540 W System.err: 	at com.android.internal.policy.DecorView.<init>(DecorView.java:335)
07-01 22:20:19.587 14540 14540 W System.err: 	at com.android.internal.policy.PhoneWindow.generateDecor(PhoneWindow.java:2380)
07-01 22:20:19.587 14540 14540 W System.err: 	at com.android.internal.policy.PhoneWindow.installDecor(PhoneWindow.java:2760)
07-01 22:20:19.587 14540 14540 W System.err: 	at com.android.internal.policy.PhoneWindow.setContentView(PhoneWindow.java:487)
07-01 22:20:19.588 14540 14540 W System.err: 	at com.android.internal.policy.PhoneWindow.setContentView(PhoneWindow.java:478)
07-01 22:20:19.588 14540 14540 W System.err: 	at android.app.Activity.setContentView(Activity.java:3618)
07-01 22:20:19.588 14540 14540 W System.err: 	at io.flutter.embedding.android.FlutterActivity.onCreate(FlutterActivity.java:652)
07-01 22:20:19.588 14540 14540 W System.err: 	at android.app.Activity.performCreate(Activity.java:8163)
07-01 22:20:19.588 14540 14540 W System.err: 	at android.app.Activity.performCreate(Activity.java:8130)
07-01 22:20:19.588 14540 14540 W System.err: 	at android.app.Instrumentation.callActivityOnCreate(Instrumentation.java:1330)
07-01 22:20:19.588 14540 14540 W System.err: 	at android.app.ActivityThread.performLaunchActivity(ActivityThread.java:3744)
07-01 22:20:19.588 14540 14540 W System.err: 	at android.app.ActivityThread.handleLaunchActivity(ActivityThread.java:3938)
07-01 22:20:19.588 14540 14540 W System.err: 	at android.app.servertransaction.LaunchActivityItem.execute(LaunchActivityItem.java:103)
07-01 22:20:19.588 14540 14540 W System.err: 	at android.app.servertransaction.TransactionExecutor.executeCallbacks(TransactionExecutor.java:135)
07-01 22:20:19.588 14540 14540 W System.err: 	at android.app.servertransaction.TransactionExecutor.execute(TransactionExecutor.java:95)
07-01 22:20:19.588 14540 14540 W System.err: 	at android.app.ActivityThread$H.handleMessage(ActivityThread.java:2291)
07-01 22:20:19.588 14540 14540 W System.err: 	at android.os.Handler.dispatchMessage(Handler.java:106)
07-01 22:20:19.588 14540 14540 W System.err: 	at android.os.Looper.loopOnce(Looper.java:210)
07-01 22:20:19.588 14540 14540 W System.err: 	at android.os.Looper.loop(Looper.java:299)
07-01 22:20:19.588 14540 14540 W System.err: 	at android.app.ActivityThread.main(ActivityThread.java:8319)
07-01 22:20:19.588 14540 14540 W System.err: 	at java.lang.reflect.Method.invoke(Native Method)
07-01 22:20:19.588 14540 14540 W System.err: 	at com.android.internal.os.RuntimeInit$MethodAndArgsCaller.run(RuntimeInit.java:556)
07-01 22:20:19.588 14540 14540 W System.err: 	at com.android.internal.os.ZygoteInit.main(ZygoteInit.java:1038)
07-01 22:20:19.588 14540 14540 D IS_CTS_MODE: false
07-01 22:20:19.588 14540 14540 D MULTI_WINDOW_SWITCH_ENABLED: false
07-01 22:20:19.588 14540 14540 D IS_CTS_MODE: false
07-01 22:20:19.588 14540 14540 D MULTI_WINDOW_SWITCH_ENABLED: false
07-01 22:20:19.588 14540 14540 D IS_CTS_MODE: false
07-01 22:20:19.588 14540 14540 D MULTI_WINDOW_SWITCH_ENABLED: false
07-01 22:20:19.592 14540 14540 D DecorView[]: getWindowModeFromSystem  windowmode is 1
07-01 22:20:19.596  6074 19305 I PhenotypeResourceReader: unable to find any Phenotype resource metadata for com.voicetextnote.app
07-01 22:20:19.604 14540 14540 D DecorView[]: getWindowModeFromSystem  windowmode is 1
07-01 22:20:19.604 14540 14540 D DecorView[]: updateDecorCaptionStatus displayWindowDecor is false
07-01 22:20:19.608 14540 14598 E icetextnote.ap: No package ID 6a found for ID 0x6a0b0013.
07-01 22:20:19.609 14540 14598 I FA      : App measurement initialized, version: 173000
07-01 22:20:19.609 14540 14598 I FA      : To enable debug logging run: adb shell setprop log.tag.FA VERBOSE
07-01 22:20:19.609 14540 14598 I FA      : To enable faster debug mode event logging run:
07-01 22:20:19.609 14540 14598 I FA      :   adb shell setprop debug.firebase.analytics.app com.voicetextnote.app
07-01 22:20:19.614  3217  3217 D RecentsImpl: mActivityStateObserver com.voicetextnote.app.MainActivity
07-01 22:20:19.614  3217  3217 W RecentsImpl: onResumed className=com.voicetextnote.app.MainActivity   mIsInAnotherPro=false   isKeyguardLocked=false
07-01 22:20:19.627  2064  6888 D WindowManager: Input focus has changed to Window{1e2f228 u0 com.voicetextnote.app/com.voicetextnote.app.MainActivity} display=0 updateInputWindows = true
07-01 22:20:19.627  2064  6888 I WindowManagerService: Physical orientation not applied, rotation=0
07-01 22:20:19.630  2064  2350 D CompatibilityChangeReporter: Compat change id reported: 158002302; UID 10432; state: ENABLED
07-01 22:20:19.633  2064  2581 I MiuiNetworkPolicy: updateUidState uid = 10185, uidState = 3
07-01 22:20:19.635 14540 14540 D SurfaceView: UPDATE null, mIsCastMode = false
07-01 22:20:19.638 14540 14598 I FA      : Tag Manager is not found and thus will not be used
07-01 22:20:19.658  1215  1375 I SDM     : HWCDisplay::GetColorModeCount: Supported color mode count = 1
07-01 22:20:19.659  1215  1375 I SDM     : HWCDisplay::GetColorModes: Color mode = 0 is supported
07-01 22:20:19.660 14540 14571 D hw-ProcessState: Binder ioctl to enable oneway spam detection failed: Invalid argument
07-01 22:20:19.668  3217  3217 D Launcher_UnlockAnimationStateMachine: mResetIdleStateRunnable
07-01 22:20:19.726  3177  9063 I SarService: Receiver polling >>>> Change receiver mode: off
07-01 22:20:19.742 14540 14540 D SurfaceView: UPDATE Surface(name=SurfaceView[com.voicetextnote.app/com.voicetextnote.app.MainActivity])/@0xa19cd06, mIsProjectionMode = false
07-01 22:20:19.746 14540 14540 I flutter : Firebase 초기화 성공
07-01 22:20:19.821 14540 14540 D DecorView[]: getWindowModeFromSystem  windowmode is 1
07-01 22:20:19.821 14540 14540 D DecorView[]: updateDecorCaptionStatus displayWindowDecor is false
07-01 22:20:19.825  2064  6888 I WindowManagerService: Physical orientation not applied, rotation=0
07-01 22:20:19.842 14540 14540 I FLTFireBGExecutor: Creating background FlutterEngine instance, with args: []
07-01 22:20:19.849 14540 14540 D FLTFireContextHolder: received application context.
07-01 22:20:19.851  6046 12837 D AdvertisingIdClient: AdvertisingIdClient already created.
